Component: ARM Compiler 5.06 update 5 (build 528) Tool: armlink [4d35e2]

==============================================================================

Section Cross References

    startup_stm32f10x_md.o(RESET) refers to startup_stm32f10x_md.o(STACK) for __initial_sp
    startup_stm32f10x_md.o(RESET) refers to startup_stm32f10x_md.o(.text) for Reset_Handler
    startup_stm32f10x_md.o(RESET) refers to stm32f10x_it.o(i.NMI_Handler) for NMI_Handler
    startup_stm32f10x_md.o(RESET) refers to stm32f10x_it.o(i.HardFault_Handler) for HardFault_Handler
    startup_stm32f10x_md.o(RESET) refers to stm32f10x_it.o(i.MemManage_Handler) for MemManage_Handler
    startup_stm32f10x_md.o(RESET) refers to stm32f10x_it.o(i.BusFault_Handler) for BusFault_Handler
    startup_stm32f10x_md.o(RESET) refers to stm32f10x_it.o(i.UsageFault_Handler) for UsageFault_Handler
    startup_stm32f10x_md.o(RESET) refers to stm32f10x_it.o(i.SVC_Handler) for SVC_Handler
    startup_stm32f10x_md.o(RESET) refers to stm32f10x_it.o(i.DebugMon_Handler) for DebugMon_Handler
    startup_stm32f10x_md.o(RESET) refers to stm32f10x_it.o(i.PendSV_Handler) for PendSV_Handler
    startup_stm32f10x_md.o(RESET) refers to stm32f10x_it.o(i.SysTick_Handler) for SysTick_Handler
    startup_stm32f10x_md.o(RESET) refers to exti.o(i.EXTI0_IRQHandler) for EXTI0_IRQHandler
    startup_stm32f10x_md.o(RESET) refers to exti.o(i.EXTI1_IRQHandler) for EXTI1_IRQHandler
    startup_stm32f10x_md.o(RESET) refers to timer.o(i.TIM2_IRQHandler) for TIM2_IRQHandler
    startup_stm32f10x_md.o(RESET) refers to timer.o(i.TIM3_IRQHandler) for TIM3_IRQHandler
    startup_stm32f10x_md.o(RESET) refers to sim800l.o(i.USART1_IRQHandler) for USART1_IRQHandler
    startup_stm32f10x_md.o(RESET) refers to esp8266.o(i.USART2_IRQHandler) for USART2_IRQHandler
    startup_stm32f10x_md.o(RESET) refers to usart.o(i.USART3_IRQHandler) for USART3_IRQHandler
    startup_stm32f10x_md.o(.text) refers to system_stm32f10x.o(i.SystemInit) for SystemInit
    startup_stm32f10x_md.o(.text) refers to entry.o(.ARM.Collect$$$$00000000) for __main
    system_stm32f10x.o(i.SetSysClock) refers to system_stm32f10x.o(i.SetSysClockTo72) for SetSysClockTo72
    system_stm32f10x.o(i.SystemCoreClockUpdate) refers to system_stm32f10x.o(.data) for .data
    system_stm32f10x.o(i.SystemInit) refers to system_stm32f10x.o(i.SetSysClock) for SetSysClock
    stm32f10x_adc.o(i.ADC_DeInit) refers to stm32f10x_rcc.o(i.RCC_APB2PeriphResetCmd) for RCC_APB2PeriphResetCmd
    stm32f10x_bkp.o(i.BKP_DeInit) refers to stm32f10x_rcc.o(i.RCC_BackupResetCmd) for RCC_BackupResetCmd
    stm32f10x_can.o(i.CAN_DeInit) refers to stm32f10x_rcc.o(i.RCC_APB1PeriphResetCmd) for RCC_APB1PeriphResetCmd
    stm32f10x_can.o(i.CAN_GetITStatus) refers to stm32f10x_can.o(i.CheckITStatus) for CheckITStatus
    stm32f10x_cec.o(i.CEC_DeInit) refers to stm32f10x_rcc.o(i.RCC_APB1PeriphResetCmd) for RCC_APB1PeriphResetCmd
    stm32f10x_dac.o(i.DAC_DeInit) refers to stm32f10x_rcc.o(i.RCC_APB1PeriphResetCmd) for RCC_APB1PeriphResetCmd
    stm32f10x_flash.o(i.FLASH_EnableWriteProtection) refers to stm32f10x_flash.o(i.FLASH_WaitForLastOperation) for FLASH_WaitForLastOperation
    stm32f10x_flash.o(i.FLASH_EraseAllBank1Pages) refers to stm32f10x_flash.o(i.FLASH_WaitForLastBank1Operation) for FLASH_WaitForLastBank1Operation
    stm32f10x_flash.o(i.FLASH_EraseAllPages) refers to stm32f10x_flash.o(i.FLASH_WaitForLastOperation) for FLASH_WaitForLastOperation
    stm32f10x_flash.o(i.FLASH_EraseOptionBytes) refers to stm32f10x_flash.o(i.FLASH_GetReadOutProtectionStatus) for FLASH_GetReadOutProtectionStatus
    stm32f10x_flash.o(i.FLASH_EraseOptionBytes) refers to stm32f10x_flash.o(i.FLASH_WaitForLastOperation) for FLASH_WaitForLastOperation
    stm32f10x_flash.o(i.FLASH_ErasePage) refers to stm32f10x_flash.o(i.FLASH_WaitForLastOperation) for FLASH_WaitForLastOperation
    stm32f10x_flash.o(i.FLASH_ProgramHalfWord) refers to stm32f10x_flash.o(i.FLASH_WaitForLastOperation) for FLASH_WaitForLastOperation
    stm32f10x_flash.o(i.FLASH_ProgramOptionByteData) refers to stm32f10x_flash.o(i.FLASH_WaitForLastOperation) for FLASH_WaitForLastOperation
    stm32f10x_flash.o(i.FLASH_ProgramWord) refers to stm32f10x_flash.o(i.FLASH_WaitForLastOperation) for FLASH_WaitForLastOperation
    stm32f10x_flash.o(i.FLASH_ReadOutProtection) refers to stm32f10x_flash.o(i.FLASH_WaitForLastOperation) for FLASH_WaitForLastOperation
    stm32f10x_flash.o(i.FLASH_UserOptionByteConfig) refers to stm32f10x_flash.o(i.FLASH_WaitForLastOperation) for FLASH_WaitForLastOperation
    stm32f10x_flash.o(i.FLASH_WaitForLastBank1Operation) refers to stm32f10x_flash.o(i.FLASH_GetBank1Status) for FLASH_GetBank1Status
    stm32f10x_flash.o(i.FLASH_WaitForLastOperation) refers to stm32f10x_flash.o(i.FLASH_GetBank1Status) for FLASH_GetBank1Status
    stm32f10x_gpio.o(i.GPIO_AFIODeInit) refers to stm32f10x_rcc.o(i.RCC_APB2PeriphResetCmd) for RCC_APB2PeriphResetCmd
[...]
    ESP8266_WaitRecive                       0x08001335   Thumb Code    30  esp8266.o(i.ESP8266_WaitRecive)
    EXTI0_IRQHandler                         0x08001359   Thumb Code    22  exti.o(i.EXTI0_IRQHandler)
    EXTI1_IRQHandler                         0x0800136f   Thumb Code    24  exti.o(i.EXTI1_IRQHandler)
    EXTI_ClearITPendingBit                   0x08001389   Thumb Code     6  stm32f10x_exti.o(i.EXTI_ClearITPendingBit)
    EXTI_GetITStatus                         0x08001395   Thumb Code    28  stm32f10x_exti.o(i.EXTI_GetITStatus)
    GPIO_Init                                0x080013b5   Thumb Code   166  stm32f10x_gpio.o(i.GPIO_Init)
    GPIO_PinRemapConfig                      0x0800145d   Thumb Code    86  stm32f10x_gpio.o(i.GPIO_PinRemapConfig)
    GPIO_ReadInputDataBit                    0x080014b9   Thumb Code    14  stm32f10x_gpio.o(i.GPIO_ReadInputDataBit)
    GPIO_ResetBits                           0x080014c7   Thumb Code     4  stm32f10x_gpio.o(i.GPIO_ResetBits)
    GPIO_SetBits                             0x080014cb   Thumb Code     4  stm32f10x_gpio.o(i.GPIO_SetBits)
    GPIO_WriteBit                            0x080014cf   Thumb Code    12  stm32f10x_gpio.o(i.GPIO_WriteBit)
    HardFault_Handler                        0x080014db   Thumb Code     2  stm32f10x_it.o(i.HardFault_Handler)
    KEY_GPIO_Init                            0x08001509   Thumb Code    38  key.o(i.KEY_GPIO_Init)
    LIght_Intensity                          0x08001535   Thumb Code    20  bh1750.o(i.LIght_Intensity)
    MQTT_DeleteBuffer                        0x0800154d   Thumb Code    28  mqttkit.o(i.MQTT_DeleteBuffer)
    MQTT_DumpLength                          0x08001569   Thumb Code    36  mqttkit.o(i.MQTT_DumpLength)
    MQTT_NewBuffer                           0x0800158d   Thumb Code    86  mqttkit.o(i.MQTT_NewBuffer)
    MQTT_PacketConnect                       0x080015e5   Thumb Code   608  mqttkit.o(i.MQTT_PacketConnect)
    MQTT_PacketPublish                       0x08001849   Thumb Code   384  mqttkit.o(i.MQTT_PacketPublish)
    MQTT_PacketPublishComp                   0x080019c9   Thumb Code    70  mqttkit.o(i.MQTT_PacketPublishComp)
    MQTT_PacketPublishRel                    0x08001a0f   Thumb Code    70  mqttkit.o(i.MQTT_PacketPublishRel)
    MQTT_PacketSubscribe                     0x08001a55   Thumb Code   222  mqttkit.o(i.MQTT_PacketSubscribe)
    MQTT_ReadLength                          0x08001b33   Thumb Code    62  mqttkit.o(i.MQTT_ReadLength)
    MQTT_UnPacketCmd                         0x08001b71   Thumb Code   130  mqttkit.o(i.MQTT_UnPacketCmd)
    MQTT_UnPacketConnectAck                  0x08001bf3   Thumb Code    26  mqttkit.o(i.MQTT_UnPacketConnectAck)
    MQTT_UnPacketPublish                     0x08001c0d   Thumb Code   388  mqttkit.o(i.MQTT_UnPacketPublish)
    MQTT_UnPacketPublishRec                  0x08001d99   Thumb Code    28  mqttkit.o(i.MQTT_UnPacketPublishRec)
    MQTT_UnPacketPublishRel                  0x08001db5   Thumb Code    34  mqttkit.o(i.MQTT_UnPacketPublishRel)
    MQTT_UnPacketRecv                        0x08001dd9   Thumb Code    94  mqttkit.o(i.MQTT_UnPacketRecv)
    MemManage_Handler                        0x08001e41   Thumb Code     2  stm32f10x_it.o(i.MemManage_Handler)
    Motor_Init                               0x08001e45   Thumb Code    50  motor.o(i.Motor_Init)
    Motor_SetSpeed                           0x08001e7d   Thumb Code    64  motor.o(i.Motor_SetSpeed)
    NMI_Handler                              0x08001ec1   Thumb Code     2  stm32f10x_it.o(i.NMI_Handler)
    NVIC_Init                                0x08001ec5   Thumb Code    96  misc.o(i.NVIC_Init)
    NVIC_PriorityGroupConfig                 0x08001f29   Thumb Code    10  misc.o(i.NVIC_PriorityGroupConfig)
    OLED_Init_GPIO                           0x08001f3d   Thumb Code   204  oled.o(i.OLED_Init_GPIO)
    OneNet_DevLink                           0x08002011   Thumb Code    98  onenet.o(i.OneNet_DevLink)
    OneNet_Publish                           0x08002091   Thumb Code    72  onenet.o(i.OneNet_Publish)
    OneNet_RevPro                            0x080020d9   Thumb Code   558  onenet.o(i.OneNet_RevPro)
    OneNet_Subscribe                         0x08002399   Thumb Code    68  onenet.o(i.OneNet_Subscribe)
    PWM_Init                                 0x080023dd   Thumb Code   144  motor.o(i.PWM_Init)
    PWM_SetCompare                           0x08002475   Thumb Code    10  motor.o(i.PWM_SetCompare)
    PWM_SetCompare1                          0x08002481   Thumb Code     8  pwm.o(i.PWM_SetCompare1)
    PWM_SetCompare2                          0x0800248d   Thumb Code     8  pwm.o(i.PWM_SetCompare2)
    PWM_SetCompare4                          0x08002499   Thumb Code     8  pwm.o(i.PWM_SetCompare4)
    PendSV_Handler                           0x080024a5   Thumb Code     2  stm32f10x_it.o(i.PendSV_Handler)
    RCC_ADCCLKConfig                         0x080024a9   Thumb Code    14  stm32f10x_rcc.o(i.RCC_ADCCLKConfig)
    RCC_APB1PeriphClockCmd                   0x080024bd   Thumb Code    22  stm32f10x_rcc.o(i.RCC_APB1PeriphClockCmd)
    RCC_APB1PeriphResetCmd                   0x080024d9   Thumb Code    22  stm32f10x_rcc.o(i.RCC_APB1PeriphResetCmd)
    RCC_APB2PeriphClockCmd                   0x080024f5   Thumb Code    22  stm32f10x_rcc.o(i.RCC_APB2PeriphClockCmd)
    RCC_APB2PeriphResetCmd                   0x08002511   Thumb Code    22  stm32f10x_rcc.o(i.RCC_APB2PeriphResetCmd)
    RCC_GetClocksFreq                        0x0800252d   Thumb Code   154  stm32f10x_rcc.o(i.RCC_GetClocksFreq)
    SIM800L_Clear                            0x080025d9   Thumb Code    18  sim800l.o(i.SIM800L_Clear)
    SIM800L_Init                             0x080025f5   Thumb Code    76  sim800l.o(i.SIM800L_Init)
    SIM800L_RESET                            0x08002669   Thumb Code    62  sim800l.o(i.SIM800L_RESET)
    SIM800L_SendCmd                          0x080026b1   Thumb Code    68  sim800l.o(i.SIM800L_SendCmd)
    SIM800L_SendData                         0x080026fd   Thumb Code    70  sim800l.o(i.SIM800L_SendData)
    SIM800L_WaitRecive                       0x08002765   Thumb Code    30  sim800l.o(i.SIM800L_WaitRecive)
    SVC_Handler                              0x08002789   Thumb Code     2  stm32f10x_it.o(i.SVC_Handler)
    SysTick_Handler                          0x08002841   Thumb Code     2  stm32f10x_it.o(i.SysTick_Handler)
    SystemInit                               0x08002845   Thumb Code    64  system_stm32f10x.o(i.SystemInit)
    TIM2_IRQHandler                          0x08002895   Thumb Code    30  timer.o(i.TIM2_IRQHandler)
    TIM3_IRQHandler                          0x080028b5   Thumb Code   186  timer.o(i.TIM3_IRQHandler)
    TIM3_Init                                0x080029bd   Thumb Code    90  timer.o(i.TIM3_Init)
    TIM_ARRPreloadConfig                     0x08002a1d   Thumb Code    24  stm32f10x_tim.o(i.TIM_ARRPreloadConfig)
    TIM_ClearITPendingBit                    0x08002a35   Thumb Code     6  stm32f10x_tim.o(i.TIM_ClearITPendingBit)
    TIM_Cmd                                  0x08002a3b   Thumb Code    24  stm32f10x_tim.o(i.TIM_Cmd)
    TIM_DeInit                               0x08002a55   Thumb Code   464  stm32f10x_tim.o(i.TIM_DeInit)
    TIM_GetITStatus                          0x08002c65   Thumb Code    24  stm32f10x_tim.o(i.TIM_GetITStatus)
    TIM_ITConfig                             0x08002c7d   Thumb Code    20  stm32f10x_tim.o(i.TIM_ITConfig)
    TIM_InternalClockConfig                  0x08002c91   Thumb Code    10  stm32f10x_tim.o(i.TIM_InternalClockConfig)
    TIM_OC1Init                              0x08002c9d   Thumb Code   114  stm32f10x_tim.o(i.TIM_OC1Init)
    TIM_OC1PreloadConfig                     0x08002d25   Thumb Code    12  stm32f10x_tim.o(i.TIM_OC1PreloadConfig)
    TIM_OC2Init                              0x08002d31   Thumb Code   128  stm32f10x_tim.o(i.TIM_OC2Init)
    TIM_OC2PreloadConfig                     0x08002db9   Thumb Code    20  stm32f10x_tim.o(i.TIM_OC2PreloadConfig)
    TIM_OC4Init                              0x08002dcd   Thumb Code    94  stm32f10x_tim.o(i.TIM_OC4Init)
    TIM_OC4PreloadConfig                     0x08002e35   Thumb Code    20  stm32f10x_tim.o(i.TIM_OC4PreloadConfig)
    TIM_OCStructInit                         0x08002e49   Thumb Code    20  stm32f10x_tim.o(i.TIM_OCStructInit)
    TIM_SetCompare1                          0x08002e5d   Thumb Code     4  stm32f10x_tim.o(i.TIM_SetCompare1)
    TIM_SetCompare2                          0x08002e61   Thumb Code     4  stm32f10x_tim.o(i.TIM_SetCompare2)
    TIM_SetCompare4                          0x08002e65   Thumb Code     6  stm32f10x_tim.o(i.TIM_SetCompare4)
    TIM_TimeBaseInit                         0x08002e6d   Thumb Code   114  stm32f10x_tim.o(i.TIM_TimeBaseInit)
    Tim_PWM_Init                             0x08002f09   Thumb Code   192  pwm.o(i.Tim_PWM_Init)
    USART1_IRQHandler                        0x08002fd1   Thumb Code    60  sim800l.o(i.USART1_IRQHandler)
    USART2_IRQHandler                        0x08003019   Thumb Code    60  esp8266.o(i.USART2_IRQHandler)
    USART3_Clear                             0x08003061   Thumb Code    18  usart.o(i.USART3_Clear)
    USART3_IRQHandler                        0x0800307d   Thumb Code    60  usart.o(i.USART3_IRQHandler)
    USART_ClearFlag                          0x080030c5   Thumb Code     8  stm32f10x_usart.o(i.USART_ClearFlag)
    USART_Cmd                                0x080030cd   Thumb Code    24  stm32f10x_usart.o(i.USART_Cmd)
    USART_GetFlagStatus                      0x080030e5   Thumb Code    14  stm32f10x_usart.o(i.USART_GetFlagStatus)
    USART_GetITStatus                        0x080030f3   Thumb Code    64  stm32f10x_usart.o(i.USART_GetITStatus)
    USART_ITConfig                           0x08003133   Thumb Code    54  stm32f10x_usart.o(i.USART_ITConfig)
    USART_Init                               0x08003169   Thumb Code   182  stm32f10x_usart.o(i.USART_Init)
    USART_SendData                           0x08003225   Thumb Code     8  stm32f10x_usart.o(i.USART_SendData)
    UsageFault_Handler                       0x0800322d   Thumb Code     2  stm32f10x_it.o(i.UsageFault_Handler)
    Usart1_Init                              0x08003231   Thumb Code   164  usart.o(i.Usart1_Init)
    Usart2_Init                              0x080032dd   Thumb Code   158  usart.o(i.Usart2_Init)
    Usart3_Init                              0x08003385   Thumb Code   162  usart.o(i.Usart3_Init)
    UsartPrintf                              0x08003431   Thumb Code    64  usart.o(i.UsartPrintf)
    Usart_SendHexWord                        0x08003471   Thumb Code    50  usart.o(i.Usart_SendHexWord)
    Usart_SendString                         0x080034a3   Thumb Code    48  usart.o(i.Usart_SendString)
    __0sprintf                               0x080034d5   Thumb Code    34  printfa.o(i.__0sprintf)
    __1sprintf                               0x080034d5   Thumb Code     0  printfa.o(i.__0sprintf)
    __2sprintf                               0x080034d5   Thumb Code     0  printfa.o(i.__0sprintf)
    __c89sprintf                             0x080034d5   Thumb Code     0  printfa.o(i.__0sprintf)
    sprintf                                  0x080034d5   Thumb Code     0  printfa.o(i.__0sprintf)
    __0vsnprintf                             0x080034fd   Thumb Code    40  printfa.o(i.__0vsnprintf)
    __1vsnprintf                             0x080034fd   Thumb Code     0  printfa.o(i.__0vsnprintf)
    __2vsnprintf                             0x080034fd   Thumb Code     0  printfa.o(i.__0vsnprintf)
    __c89vsnprintf                           0x080034fd   Thumb Code     0  printfa.o(i.__0vsnprintf)
    vsnprintf                                0x080034fd   Thumb Code     0  printfa.o(i.__0vsnprintf)
    __ARM_fpclassify                         0x08003529   Thumb Code    40  fpclassify.o(i.__ARM_fpclassify)
    __aeabi_errno_addr                       0x08003551   Thumb Code     4  errno.o(i.__aeabi_errno_addr)
    __rt_errno_addr                          0x08003551   Thumb Code     0  errno.o(i.__aeabi_errno_addr)
    __kernel_poly                            0x08003559   Thumb Code   170  poly.o(i.__kernel_poly)
    __mathlib_dbl_divzero                    0x08003605   Thumb Code    12  dunder.o(i.__mathlib_dbl_divzero)
    __mathlib_dbl_infnan2                    0x08003615   Thumb Code     4  dunder.o(i.__mathlib_dbl_infnan2)
    __mathlib_dbl_invalid                    0x08003619   Thumb Code    12  dunder.o(i.__mathlib_dbl_invalid)
    __mathlib_dbl_overflow                   0x08003625   Thumb Code    14  dunder.o(i.__mathlib_dbl_overflow)
    __mathlib_dbl_underflow                  0x08003635   Thumb Code    10  dunder.o(i.__mathlib_dbl_underflow)
    __scatterload_copy                       0x08003645   Thumb Code    14  handlers.o(i.__scatterload_copy)
    __scatterload_null                       0x08003653   Thumb Code     2  handlers.o(i.__scatterload_null)
    __scatterload_zeroinit                   0x08003655   Thumb Code    14  handlers.o(i.__scatterload_zeroinit)
    __set_errno                              0x08003665   Thumb Code     6  errno.o(i.__set_errno)
    about_proc                               0x08003f45   Thumb Code    26  menu.o(i.about_proc)
    about_ui_show                            0x08003f6d   Thumb Code    54  menu.o(i.about_ui_show)
    beep_Init                                0x08003fed   Thumb Code    48  beep.o(i.beep_Init)
    cJSON_Delete                             0x08004021   Thumb Code    66  cjson.o(i.cJSON_Delete)
    cJSON_GetErrorPtr                        0x08004069   Thumb Code     6  cjson.o(i.cJSON_GetErrorPtr)
    cJSON_GetObjectItem                      0x08004075   Thumb Code    28  cjson.o(i.cJSON_GetObjectItem)
    cJSON_Parse                              0x080040b1   Thumb Code     8  cjson.o(i.cJSON_Parse)
    cJSON_ParseWithOpts                      0x080040b9   Thumb Code    96  cjson.o(i.cJSON_ParseWithOpts)
    chart_draw_frame                         0x08004169   Thumb Code   276  menu.o(i.chart_draw_frame)
    chart_proc                               0x08004291   Thumb Code   114  menu.o(i.chart_proc)
    chart_select_proc                        0x08004315   Thumb Code   300  menu.o(i.chart_select_proc)
    chart_select_ui_show                     0x08004461   Thumb Code   212  menu.o(i.chart_select_ui_show)
    chart_ui_show                            0x0800453d   Thumb Code   346  menu.o(i.chart_ui_show)
    delay_ms                                 0x080046ad   Thumb Code    24  delay.o(i.delay_ms)
    device_proc                              0x080046c5   Thumb Code   538  menu.o(i.device_proc)
    device_show                              0x08004909   Thumb Code   270  menu.o(i.device_show)
    disappear                                0x08004a31   Thumb Code   144  menu.o(i.disappear)
    elecRelay_Init                           0x08004ac9   Thumb Code    64  elecrelay.o(i.elecRelay_Init)
    elecRelay_action                         0x08004b0d   Thumb Code    24  elecrelay.o(i.elecRelay_action)
    free                                     0x08004b29   Thumb Code    76  malloc.o(i.free)
    get_key_val                              0x08004b79   Thumb Code    54  menu.o(i.get_key_val)
    hardware_proc                            0x08004bb5   Thumb Code   216  menu.o(i.hardware_proc)
    hardware_ui_show                         0x08004c9d   Thumb Code   218  menu.o(i.hardware_ui_show)
    i2c_Ack                                  0x08004d81   Thumb Code    36  bh1750.o(i.i2c_Ack)
    i2c_CheckDevice                          0x08004da9   Thumb Code    28  bh1750.o(i.i2c_CheckDevice)
    i2c_NAck                                 0x08004dd1   Thumb Code    32  bh1750.o(i.i2c_NAck)
    i2c_ReadByte                             0x08004df5   Thumb Code    68  bh1750.o(i.i2c_ReadByte)
    i2c_SendByte                             0x08004e3d   Thumb Code    78  bh1750.o(i.i2c_SendByte)
    i2c_Start                                0x08004e91   Thumb Code    36  bh1750.o(i.i2c_Start)
    i2c_Stop                                 0x08004eb9   Thumb Code    24  bh1750.o(i.i2c_Stop)
    i2c_WaitAck                              0x08004ed5   Thumb Code    50  bh1750.o(i.i2c_WaitAck)
    icon_proc                                0x08004f0d   Thumb Code   168  menu.o(i.icon_proc)
    icon_ui_show                             0x08004fc1   Thumb Code   162  menu.o(i.icon_ui_show)
    key_init                                 0x08005071   Thumb Code    36  menu.o(i.key_init)
    key_scan                                 0x08005099   Thumb Code    50  menu.o(i.key_scan)
    logo_proc                                0x080050d1   Thumb Code    28  menu.o(i.logo_proc)
    logo_ui_show                             0x080050f9   Thumb Code    24  menu.o(i.logo_ui_show)
    loop                                     0x08005119   Thumb Code    18  menu.o(i.loop)
    main                                     0x0800512d   Thumb Code   408  main.o(i.main)
    malloc                                   0x080052d9   Thumb Code    92  malloc.o(i.malloc)
    move                                     0x08005345   Thumb Code    58  menu.o(i.move)
    move_bar                                 0x0800537f   Thumb Code   104  menu.o(i.move_bar)
    move_icon                                0x080053e7   Thumb Code    58  menu.o(i.move_icon)
    move_width                               0x08005421   Thumb Code   318  menu.o(i.move_width)
    pow                                      0x08005b71   Thumb Code  2512  pow.o(i.pow)
    select_proc                              0x08006549   Thumb Code   250  menu.o(i.select_proc)
    select_ui_show                           0x08006655   Thumb Code   214  menu.o(i.select_ui_show)
    send_confirm_proc                        0x08006735   Thumb Code    96  menu.o(i.send_confirm_proc)
    send_confirm_show                        0x080067a1   Thumb Code   192  menu.o(i.send_confirm_show)
    send_proc                                0x080068a5   Thumb Code    68  menu.o(i.send_proc)
    send_show                                0x080068f9   Thumb Code    40  menu.o(i.send_show)
    set_curve_state                          0x08006935   Thumb Code    42  menu.o(i.set_curve_state)
    set_device_state                         0x08006975   Thumb Code   126  menu.o(i.set_device_state)
    setup                                    0x08006a19   Thumb Code   272  menu.o(i.setup)
    setup_u8g2                               0x08006b3d   Thumb Code    42  base.o(i.setup_u8g2)
    sqrt                                     0x08006b8d   Thumb Code    76  sqrt.o(i.sqrt)
    step_edit_proc                           0x08006bd9   Thumb Code   428  menu.o(i.step_edit_proc)
    step_edit_ui_show                        0x08006db5   Thumb Code   256  menu.o(i.step_edit_ui_show)
    step_proc                                0x08006f15   Thumb Code   268  menu.o(i.step_proc)
    step_ui_show                             0x08007031   Thumb Code   224  menu.o(i.step_ui_show)
    text_edit                                0x08007119   Thumb Code   112  menu.o(i.text_edit)
    text_edit_proc                           0x0800718d   Thumb Code   146  menu.o(i.text_edit_proc)
    text_edit_ui_show                        0x0800722d   Thumb Code   342  menu.o(i.text_edit_ui_show)
    u8g2_ClearBuffer                         0x080073b1   Thumb Code    18  u8g2_buffer.o(i.u8g2_ClearBuffer)
    u8g2_DrawBox                             0x080073c3   Thumb Code    74  u8g2_box.o(i.u8g2_DrawBox)
    u8g2_DrawCircle                          0x0800740d   Thumb Code    64  u8g2_circle.o(i.u8g2_DrawCircle)
    u8g2_DrawDisc                            0x0800744d   Thumb Code    64  u8g2_circle.o(i.u8g2_DrawDisc)
    u8g2_DrawFrame                           0x0800748d   Thumb Code   136  u8g2_box.o(i.u8g2_DrawFrame)
    u8g2_DrawGlyph                           0x08007515   Thumb Code    96  u8g2_font.o(i.u8g2_DrawGlyph)
    u8g2_DrawHLine                           0x08007575   Thumb Code    12  u8g2_hvline.o(i.u8g2_DrawHLine)
    u8g2_DrawHVLine                          0x08007581   Thumb Code   174  u8g2_hvline.o(i.u8g2_DrawHVLine)
    u8g2_DrawHXBMP                           0x0800762f   Thumb Code   160  u8g2_bitmap.o(i.u8g2_DrawHXBMP)
    u8g2_DrawLine                            0x080076cf   Thumb Code   180  u8g2_line.o(i.u8g2_DrawLine)
    u8g2_DrawPixel                           0x08007783   Thumb Code    46  u8g2_hvline.o(i.u8g2_DrawPixel)
    u8g2_DrawRBox                            0x080077b1   Thumb Code   238  u8g2_box.o(i.u8g2_DrawRBox)
    u8g2_DrawRFrame                          0x0800789f   Thumb Code   262  u8g2_box.o(i.u8g2_DrawRFrame)
    u8g2_DrawStr                             0x080079a5   Thumb Code    12  u8g2_font.o(i.u8g2_DrawStr)
    u8g2_DrawVLine                           0x080079b5   Thumb Code    12  u8g2_hvline.o(i.u8g2_DrawVLine)
    u8g2_DrawXBMP                            0x080079c1   Thumb Code    84  u8g2_bitmap.o(i.u8g2_DrawXBMP)
    u8g2_GetGlyphWidth                       0x08007a15   Thumb Code    62  u8g2_font.o(i.u8g2_GetGlyphWidth)
    u8g2_GetStrWidth                         0x08007a55   Thumb Code     8  u8g2_font.o(i.u8g2_GetStrWidth)
    u8g2_IsIntersection                      0x08007a61   Thumb Code    46  u8g2_intersection.o(i.u8g2_IsIntersection)
    u8g2_SendBuffer                          0x08007a8f   Thumb Code    20  u8g2_buffer.o(i.u8g2_SendBuffer)
    u8g2_SetClipWindow                       0x08007aa3   Thumb Code    24  u8g2_setup.o(i.u8g2_SetClipWindow)
    u8g2_SetDrawColor                        0x08007abb   Thumb Code    16  u8g2_hvline.o(i.u8g2_SetDrawColor)
    u8g2_SetFont                             0x08007acb   Thumb Code    32  u8g2_font.o(i.u8g2_SetFont)
    u8g2_SetFontPosBaseline                  0x08007aed   Thumb Code     6  u8g2_font.o(i.u8g2_SetFontPosBaseline)
    u8g2_SetMaxClipWindow                    0x08007af9   Thumb Code    24  u8g2_setup.o(i.u8g2_SetMaxClipWindow)
    u8g2_SetupBuffer                         0x08007b11   Thumb Code    70  u8g2_setup.o(i.u8g2_SetupBuffer)
    u8g2_Setup_ssd1306_128x64_noname_f       0x08007b59   Thumb Code    44  u8g2_d_setup.o(i.u8g2_Setup_ssd1306_128x64_noname_f)
    u8g2_UpdateRefHeight                     0x08007b91   Thumb Code    86  u8g2_font.o(i.u8g2_UpdateRefHeight)
    u8g2_add_vector_x                        0x08007be7   Thumb Code    36  u8g2_font.o(i.u8g2_add_vector_x)
    u8g2_add_vector_y                        0x08007c0b   Thumb Code    36  u8g2_font.o(i.u8g2_add_vector_y)
    u8g2_draw_hv_line_2dir                   0x08007f3b   Thumb Code    18  u8g2_hvline.o(i.u8g2_draw_hv_line_2dir)
    u8g2_draw_l90_r0                         0x08007f4d   Thumb Code    12  u8g2_setup.o(i.u8g2_draw_l90_r0)
    u8g2_font_calc_vref_font                 0x08007fcb   Thumb Code     4  u8g2_font.o(i.u8g2_font_calc_vref_font)
    u8g2_font_decode_get_signed_bits         0x08007fcf   Thumb Code    22  u8g2_font.o(i.u8g2_font_decode_get_signed_bits)
    u8g2_font_decode_get_unsigned_bits       0x08007fe5   Thumb Code    52  u8g2_font.o(i.u8g2_font_decode_get_unsigned_bits)
    u8g2_font_decode_glyph                   0x08008019   Thumb Code   312  u8g2_font.o(i.u8g2_font_decode_glyph)
    u8g2_font_decode_len                     0x08008151   Thumb Code   156  u8g2_font.o(i.u8g2_font_decode_len)
    u8g2_font_get_glyph_data                 0x08008219   Thumb Code   120  u8g2_font.o(i.u8g2_font_get_glyph_data)
    u8g2_is_intersection_decision_tree       0x080082d9   Thumb Code    44  u8g2_intersection.o(i.u8g2_is_intersection_decision_tree)
    u8g2_ll_hvline_vertical_top_lsb          0x08008305   Thumb Code   144  u8g2_ll_hvline.o(i.u8g2_ll_hvline_vertical_top_lsb)
    u8g2_m_16_8_f                            0x08008395   Thumb Code     8  u8g2_d_memory.o(i.u8g2_m_16_8_f)
    u8g2_read_font_info                      0x080083a1   Thumb Code   208  u8g2_font.o(i.u8g2_read_font_info)
    u8g2_update_dimension_r0                 0x08008581   Thumb Code     4  u8g2_setup.o(i.u8g2_update_dimension_r0)
    u8g2_update_page_win_r0                  0x08008585   Thumb Code    24  u8g2_setup.o(i.u8g2_update_page_win_r0)
    u8x8_DrawTile                            0x0800859d   Thumb Code    30  u8x8_display.o(i.u8x8_DrawTile)
    u8x8_InitDisplay                         0x080085bb   Thumb Code    16  u8x8_display.o(i.u8x8_InitDisplay)
    u8x8_RefreshDisplay                      0x080085cb   Thumb Code    16  u8x8_display.o(i.u8x8_RefreshDisplay)
    u8x8_SetPowerSave                        0x080085db   Thumb Code    16  u8x8_display.o(i.u8x8_SetPowerSave)
    u8x8_Setup                               0x080085eb   Thumb Code    36  u8x8_setup.o(i.u8x8_Setup)
    u8x8_SetupDefaults                       0x08008611   Thumb Code    34  u8x8_setup.o(i.u8x8_SetupDefaults)
    u8x8_SetupMemory                         0x08008639   Thumb Code    16  u8x8_display.o(i.u8x8_SetupMemory)
    u8x8_ascii_next                          0x08008649   Thumb Code    16  u8x8_8x8.o(i.u8x8_ascii_next)
    u8x8_byte_4wire_sw_spi                   0x08008659   Thumb Code   250  u8x8_byte.o(i.u8x8_byte_4wire_sw_spi)
    u8x8_byte_SendByte                       0x08008753   Thumb Code    12  u8x8_byte.o(i.u8x8_byte_SendByte)
    u8x8_byte_SendBytes                      0x0800875f   Thumb Code    16  u8x8_byte.o(i.u8x8_byte_SendBytes)
    u8x8_byte_SetDC                          0x0800876f   Thumb Code    16  u8x8_byte.o(i.u8x8_byte_SetDC)
    u8x8_cad_001                             0x0800877f   Thumb Code   100  u8x8_cad.o(i.u8x8_cad_001)
    u8x8_cad_EndTransfer                     0x080087e3   Thumb Code    16  u8x8_cad.o(i.u8x8_cad_EndTransfer)
    u8x8_cad_SendArg                         0x080087f3   Thumb Code    16  u8x8_cad.o(i.u8x8_cad_SendArg)
    u8x8_cad_SendCmd                         0x08008803   Thumb Code    16  u8x8_cad.o(i.u8x8_cad_SendCmd)
    u8x8_cad_SendData                        0x08008813   Thumb Code    16  u8x8_cad.o(i.u8x8_cad_SendData)
    u8x8_cad_SendSequence                    0x08008823   Thumb Code   100  u8x8_cad.o(i.u8x8_cad_SendSequence)
    u8x8_cad_StartTransfer                   0x08008887   Thumb Code    16  u8x8_cad.o(i.u8x8_cad_StartTransfer)
    u8x8_d_helper_display_init               0x08008897   Thumb Code    98  u8x8_display.o(i.u8x8_d_helper_display_init)
    u8x8_d_helper_display_setup_memory       0x080088f9   Thumb Code    10  u8x8_display.o(i.u8x8_d_helper_display_setup_memory)
    u8x8_d_ssd1306_128x64_noname             0x08008905   Thumb Code    62  u8x8_d_ssd1306_128x64_noname.o(i.u8x8_d_ssd1306_128x64_noname)
    u8x8_dummy_cb                            0x08008a29   Thumb Code     4  u8x8_setup.o(i.u8x8_dummy_cb)
    u8x8_gpio_call                           0x08008a2d   Thumb Code    12  u8x8_gpio.o(i.u8x8_gpio_call)
    u8x8_stm32_gpio_and_delay                0x08008a39   Thumb Code   278  base.o(i.u8x8_stm32_gpio_and_delay)
    u8x8_utf8_init                           0x08008b59   Thumb Code     8  u8x8_8x8.o(i.u8x8_utf8_init)
    ui_proc                                  0x08008b61   Thumb Code   152  menu.o(i.ui_proc)
    warning_proc                             0x08008c05   Thumb Code    26  menu.o(i.warning_proc)
    warning_show                             0x08008c2d   Thumb Code    40  menu.o(i.warning_show)
    icon_pic                                 0x08008c68   Data        1000  menu.o(.constdata)
    SUCCESS_ICON                             0x08009050   Data         128  menu.o(.constdata)
    WARNING                                  0x080090d0   Data         252  menu.o(.constdata)
    LOGO                                     0x080091cc   Data        1024  menu.o(.constdata)
    u8g2_font_wqy12_t_chinese1               0x080095d3   Data        9391  u8g2_fonts.o(.constdata)
    u8g2_cb_r0                               0x0800ba84   Data          12  u8g2_setup.o(.constdata)
    __mathlib_zero                           0x0800bb80   Data           8  qnan.o(.constdata)
    __ctype_table                            0x0800bb88   Data         129  ctype_o.o(.constdata)
    Region$$Table$$Base                      0x0800be04   Number         0  anon$$obj.o(Region$$Table)
    Region$$Table$$Limit                     0x0800be24   Number         0  anon$$obj.o(Region$$Table)
    code_cnt                                 0x20000014   Data           2  usart.o(.data)
    SIM800L_cnt                              0x20000016   Data           2  sim800l.o(.data)
    SIM800L_cntPre                           0x20000018   Data           2  sim800l.o(.data)
    disappear_step                           0x2000001c   Data           1  menu.o(.data)
    frame_is_drawed                          0x2000001d   Data           1  menu.o(.data)
    has_been_sent                            0x2000001e   Data           1  menu.o(.data)
    curve_select                             0x2000001f   Data           1  menu.o(.data)
    step_num                                 0x20000020   Data           1  menu.o(.data)
    device_num                               0x20000021   Data           1  menu.o(.data)
    total_line_length                        0x20000022   Data           1  menu.o(.data)
    hardware_total_line_length               0x20000023   Data           1  menu.o(.data)
    edit_index                               0x20000024   Data           1  menu.o(.data)
    chart_index                              0x20000025   Data           1  menu.o(.data)
    edit_flag                                0x20000026   Data           1  menu.o(.data)
    icon_num                                 0x20000027   Data           1  menu.o(.data)
    chart_total_line_length                  0x20000028   Data           1  menu.o(.data)
    chart_x                                  0x20000029   Data           1  menu.o(.data)
    chartL_x                                 0x2000002a   Data           1  menu.o(.data)
    chartL_line_y                            0x2000002b   Data           1  menu.o(.data)
    chartL_line_y_trg                        0x2000002c   Data           1  menu.o(.data)
    chartL_box_width                         0x2000002d   Data           1  menu.o(.data)
    chartL_box_width_trg                     0x2000002e   Data           1  menu.o(.data)
    x                                        0x2000002f   Data           1  menu.o(.data)
    line_y                                   0x20000030   Data           1  menu.o(.data)
    line_y_trg                               0x20000031   Data           1  menu.o(.data)
    box_width                                0x20000032   Data           1  menu.o(.data)
    box_width_trg                            0x20000033   Data           1  menu.o(.data)
    ui_select                                0x20000034   Data           1  menu.o(.data)
    hardware_x                               0x20000035   Data           1  menu.o(.data)
    hardware_line_y                          0x20000036   Data           1  menu.o(.data)
    hardware_line_y_trg                      0x20000037   Data           1  menu.o(.data)
    hardware_box_width                       0x20000038   Data           1  menu.o(.data)
    hardware_box_width_trg                   0x20000039   Data           1  menu.o(.data)
    hardware_select                          0x2000003a   Data           1  menu.o(.data)
    step_line_y                              0x2000003b   Data           1  menu.o(.data)
    step_line_y_trg                          0x2000003c   Data           1  menu.o(.data)
    step_box_width                           0x2000003d   Data           1  menu.o(.data)
    step_box_width_trg                       0x2000003e   Data           1  menu.o(.data)
    step_select                              0x2000003f   Data           1  menu.o(.data)
    device_line_y                            0x20000040   Data           1  menu.o(.data)
    device_line_y_trg                        0x20000041   Data           1  menu.o(.data)
    device_box_width                         0x20000042   Data           1  menu.o(.data)
    device_box_width_trg                     0x20000043   Data           1  menu.o(.data)
    device_select                            0x20000044   Data           1  menu.o(.data)
    icon_select                              0x20000045   Data           1  menu.o(.data)
    send_confirm                             0x20000046   Data           1  menu.o(.data)
    blink_flag                               0x20000047   Data           1  menu.o(.data)
    key_msg                                  0x20000048   Data           2  menu.o(.data)
    chartL_y                                 0x2000004a   Data           2  menu.o(.data)
    chartL_y_trg                             0x2000004c   Data           2  menu.o(.data)
    chartL_box_y                             0x2000004e   Data           2  menu.o(.data)
    chartL_box_y_trg                         0x20000050   Data           2  menu.o(.data)
    buf_len                                  0x20000052   Data           2  menu.o(.data)
    y                                        0x20000054   Data           2  menu.o(.data)
    y_trg                                    0x20000056   Data           2  menu.o(.data)
    box_y                                    0x20000058   Data           2  menu.o(.data)
    box_y_trg                                0x2000005a   Data           2  menu.o(.data)
    hardware_y                               0x2000005c   Data           2  menu.o(.data)
    hardware_y_trg                           0x2000005e   Data           2  menu.o(.data)
    hardware_box_y                           0x20000060   Data           2  menu.o(.data)
    hardware_box_y_trg                       0x20000062   Data           2  menu.o(.data)
    step_y                                   0x20000064   Data           2  menu.o(.data)
    step_y_trg                               0x20000066   Data           2  menu.o(.data)
    step_box_y                               0x20000068   Data           2  menu.o(.data)
    step_box_y_trg                           0x2000006a   Data           2  menu.o(.data)
    device_y                                 0x2000006c   Data           2  menu.o(.data)
    device_y_trg                             0x2000006e   Data           2  menu.o(.data)
    device_box_y                             0x20000070   Data           2  menu.o(.data)
    device_box_y_trg                         0x20000072   Data           2  menu.o(.data)
    icon_x                                   0x20000074   Data           2  menu.o(.data)
    icon_x_trg                               0x20000076   Data           2  menu.o(.data)
    app_y                                    0x20000078   Data           2  menu.o(.data)
    app_y_trg                                0x2000007a   Data           2  menu.o(.data)
    STEP_MAX                                 0x2000007c   Data           4  menu.o(.data)
    angle                                    0x20000080   Data           4  menu.o(.data)
    angle_last                               0x20000084   Data           4  menu.o(.data)
    buf_ptr                                  0x20000088   Data           4  menu.o(.data)
    icon_width                               0x2000008c   Data           5  menu.o(.data)
    key                                      0x20000091   Data           6  menu.o(.data)
    icon                                     0x20000098   Data          20  menu.o(.data)
    curve                                    0x200000ac   Data          32  menu.o(.data)
    hardware                                 0x200000cc   Data          40  menu.o(.data)
    step                                     0x200000f4   Data          20  menu.o(.data)
    list                                     0x20000108   Data          24  menu.o(.data)
    device                                   0x20000120   Data          56  menu.o(.data)
    send_str                                 0x20000158   Data          18  menu.o(.data)
    Air_value                                0x2000016c   Data           1  main.o(.data)
    Air_flag                                 0x2000016d   Data           1  main.o(.data)
    alarm_free                               0x2000016e   Data           1  main.o(.data)
    temper                                   0x2000016f   Data           1  main.o(.data)
    humi                                     0x20000170   Data           1  main.o(.data)
    temp                                     0x20000171   Data           1  main.o(.data)
    alarmFlag                                0x20000172   Data           1  main.o(.data)
    beepFlag                                 0x20000173   Data           1  main.o(.data)
    Motor_flag                               0x20000174   Data           1  main.o(.data)
    Wind_flag                                0x20000175   Data           1  main.o(.data)
    Wind_value                               0x20000176   Data           1  main.o(.data)
    LED1_pwm                                 0x20000177   Data           1  main.o(.data)
    LED2_pwm                                 0x20000178   Data           1  main.o(.data)
    Elec1_value                              0x20000179   Data           1  main.o(.data)
    Elec2_value                              0x2000017a   Data           1  main.o(.data)
    smoke                                    0x2000017c   Data           2  main.o(.data)
    device_Sub_topics                        0x20000180   Data           4  main.o(.data)
    device_Pub_topics                        0x20000184   Data           4  main.o(.data)
    light                                    0x20000188   Data           4  main.o(.data)
    Wind_speed                               0x2000018c   Data           5  main.o(.data)
    code                                     0x20000191   Data        5040  main.o(.data)
    Air_value_before                         0x20001541   Data           1  main.o(.data)
    brand                                    0x20001542   Data          10  main.o(.data)
    ui_index                                 0x2000154c   Data           1  main.o(.data)
    ui_state                                 0x2000154d   Data           1  main.o(.data)
    esp8266_cnt                              0x2000154e   Data           2  esp8266.o(.data)
    esp8266_cntPre                           0x20001550   Data           2  esp8266.o(.data)
    __microlib_freelist                      0x20001560   Data           4  mvars.o(.data)
    __microlib_freelist_initialised          0x20001564   Data           4  mvars.o(.data)
    usart3_buf                               0x2000156c   Data          64  usart.o(.bss)
    u8g2                                     0x200015ac   Data         148  base.o(.bss)
    Step_dev                                 0x20001640   Data          16  menu.o(.bss)
    Pub_Buf                                  0x20001660   Data         256  main.o(.bss)
    SIM800L_buff                             0x20001760   Data          64  main.o(.bss)
    esp8266_buf                              0x200017a0   Data         128  esp8266.o(.bss)
    __heap_base                              0x20001c20   Data           0  startup_stm32f10x_md.o(HEAP)
    __heap_limit                             0x20001e20   Data           0  startup_stm32f10x_md.o(HEAP)
    __initial_sp                             0x20002220   Data           0  startup_stm32f10x_md.o(STACK)



==============================================================================

Memory Map of the image

  Image Entry point : 0x080000ed

  Load Region LR_IROM1 (Base: 0x08000000, Size: 0x0000d390, Max: 0x00010000, ABSOLUTE, COMPRESSED[0x0000c310])

    Execution Region ER_IROM1 (Exec base: 0x08000000, Load base: 0x08000000, Size: 0x0000be24, Max: 0x00010000, ABSOLUTE)

    Exec Addr    Load Addr    Size         Type   Attr      Idx    E Section Name        Object

    0x08000000   0x08000000   0x000000ec   Data   RO            3    RESET               startup_stm32f10x_md.o
    0x080000ec   0x080000ec   0x00000000   Code   RO         6581  * .ARM.Collect$$$$00000000  mc_w.l(entry.o)
    0x080000ec   0x080000ec   0x00000004   Code   RO         6948    .ARM.Collect$$$$00000001  mc_w.l(entry2.o)
    0x080000f0   0x080000f0   0x00000004   Code   RO         6951    .ARM.Collect$$$$00000004  mc_w.l(entry5.o)
    0x080000f4   0x080000f4   0x00000000   Code   RO         6953    .ARM.Collect$$$$00000008  mc_w.l(entry7b.o)
    0x080000f4   0x080000f4   0x00000000   Code   RO         6955    .ARM.Collect$$$$0000000A  mc_w.l(entry8b.o)
    0x080000f4   0x080000f4   0x00000008   Code   RO         6956    .ARM.Collect$$$$0000000B  mc_w.l(entry9a.o)
    0x080000fc   0x080000fc   0x00000000   Code   RO         6958    .ARM.Collect$$$$0000000D  mc_w.l(entry10a.o)
    0x080000fc   0x080000fc   0x00000000   Code   RO         6960    .ARM.Collect$$$$0000000F  mc_w.l(entry11a.o)
    0x080000fc   0x080000fc   0x00000004   Code   RO         6949    .ARM.Collect$$$$00002712  mc_w.l(entry2.o)
    0x08000100   0x08000100   0x00000024   Code   RO            4    .text               startup_stm32f10x_md.o
    0x08000124   0x08000124   0x0000000c   Code   RO         6584    .text               mc_w.l(tolower.o)
    0x08000130   0x08000130   0x00000024   Code   RO         6586    .text               mc_w.l(memcpya.o)
    0x08000154   0x08000154   0x00000024   Code   RO         6588    .text               mc_w.l(memseta.o)
    0x08000178   0x08000178   0x00000024   Code   RO         6590    .text               mc_w.l(strstr.o)
    0x0800019c   0x0800019c   0x00000014   Code   RO         6592    .text               mc_w.l(strchr.o)
    0x080001b0   0x080001b0   0x0000000e   Code   RO         6594    .text               mc_w.l(strlen.o)
    0x080001be   0x080001be   0x00000028   Code   RO         6596    .text               mc_w.l(strncat.o)
    0x080001e6   0x080001e6   0x00000012   Code   RO         6598    .text               mc_w.l(strcpy.o)
    0x080001f8   0x080001f8   0x0000001e   Code   RO         6600    .text               mc_w.l(strncmp.o)
    0x08000216   0x08000216   0x0000001a   Code   RO         6893    .text               mc_w.l(atoi.o)
    0x08000230   0x08000230   0x000000b0   Code   RO         6895    .text               mf_w.l(fadd.o)
    0x080002e0   0x080002e0   0x00000064   Code   RO         6897    .text               mf_w.l(fmul.o)
    0x08000344   0x08000344   0x0000007c   Code   RO         6899    .text               mf_w.l(fdiv.o)
    0x080003c0   0x080003c0   0x0000014e   Code   RO         6901    .text               mf_w.l(dadd.o)
    0x0800050e   0x0800050e   0x000000e4   Code   RO         6903    .text               mf_w.l(dmul.o)
    0x080005f2   0x080005f2   0x0000000a   Code   RO         6905    .text               mf_w.l(ffltui.o)
    0x080005fc   0x080005fc   0x00000022   Code   RO         6907    .text               mf_w.l(dflti.o)
    0x0800061e   0x0800061e   0x00000032   Code   RO         6909    .text               mf_w.l(ffixi.o)
    0x08000650   0x08000650   0x00000028   Code   RO         6911    .text               mf_w.l(ffixui.o)
    0x08000678   0x08000678   0x0000003e   Code   RO         6913    .text               mf_w.l(dfixi.o)
    0x080006b6   0x080006b6   0x00000026   Code   RO         6915    .text               mf_w.l(f2d.o)
    0x080006dc   0x080006dc   0x00000030   Code   RO         6919    .text               mf_w.l(cdrcmple.o)
    0x0800070c   0x0800070c   0x0000002c   Code   RO         6963    .text               mc_w.l(uidiv.o)
    0x08000738   0x08000738   0x00000062   Code   RO         6965    .text               mc_w.l(uldiv.o)
    0x0800079a   0x0800079a   0x0000001e   Code   RO         6967    .text               mc_w.l(llshl.o)
    0x080007b8   0x080007b8   0x00000020   Code   RO         6969    .text               mc_w.l(llushr.o)
    0x080007d8   0x080007d8   0x00000024   Code   RO         6971    .text               mc_w.l(llsshr.o)
    0x080007fc   0x080007fc   0x00000070   Code   RO         6982    .text               mc_w.l(strtol.o)
    0x0800086c   0x0800086c   0x00000000   Code   RO         6984    .text               mc_w.l(iusefp.o)
    0x0800086c   0x0800086c   0x0000006e   Code   RO         6985    .text               mf_w.l(fepilogue.o)
    0x080008da   0x080008da   0x000000ba   Code   RO         6987    .text               mf_w.l(depilogue.o)
    0x08000994   0x08000994   0x000000de   Code   RO         6989    .text               mf_w.l(ddiv.o)
    0x08000a72   0x08000a72   0x0000002e   Code   RO         6991    .text               mf_w.l(dscalb.o)
    0x08000aa0   0x08000aa0   0x00000030   Code   RO         6993    .text               mf_w.l(dfixul.o)
    0x08000ad0   0x08000ad0   0x00000024   Code   RO         6995    .text               mc_w.l(init.o)
    0x08000af4   0x08000af4   0x00000008   Code   RO         6997    .text               mc_w.l(ctype_o.o)
    0x08000afc   0x08000afc   0x0000009e   Code   RO         7025    .text               mc_w.l(_strtoul.o)
    0x08000b9a   0x08000b9a   0x000000a2   Code   RO         7027    .text               mf_w.l(dsqrt.o)
    0x08000c3c   0x08000c3c   0x0000001c   Code   RO         7029    .text               mc_w.l(_chval.o)
    0x08000c58   0x08000c58   0x0000005e   Code   RO         7039    .text               mc_w.l(__dclz77c.o)
    0x08000cb6   0x08000cb6   0x00000018   Code   RO          202    i.ADC_Cmd           stm32f10x_adc.o
    0x08000cce   0x08000cce   0x0000000e   Code   RO          210    i.ADC_GetCalibrationStatus  stm32f10x_adc.o
    0x08000cdc   0x08000cdc   0x00000006   Code   RO          211    i.ADC_GetConversionValue  stm32f10x_adc.o
    0x08000ce2   0x08000ce2   0x0000000e   Code   RO          213    i.ADC_GetFlagStatus  stm32f10x_adc.o
    0x08000cf0   0x08000cf0   0x0000000e   Code   RO          216    i.ADC_GetResetCalibrationStatus  stm32f10x_adc.o
    0x08000cfe   0x08000cfe   0x00000002   PAD
    0x08000d00   0x08000d00   0x00000048   Code   RO          220    i.ADC_Init          stm32f10x_adc.o
    0x08000d48   0x08000d48   0x00000074   Code   RO          224    i.ADC_RegularChannelConfig  stm32f10x_adc.o
    0x08000dbc   0x08000dbc   0x0000000a   Code   RO          225    i.ADC_ResetCalibration  stm32f10x_adc.o
    0x08000dc6   0x08000dc6   0x00000018   Code   RO          227    i.ADC_SoftwareStartConvCmd  stm32f10x_adc.o
    0x08000dde   0x08000dde   0x0000000a   Code   RO          229    i.ADC_StartCalibration  stm32f10x_adc.o
    0x08000de8   0x08000de8   0x0000003c   Code   RO         3366    i.AD_GetValue       ad.o
    0x08000e24   0x08000e24   0x0000008c   Code   RO         3367    i.AD_Init           ad.o
    0x08000eb0   0x08000eb0   0x00000034   Code   RO         3651    i.BH1750_Byte_Write  bh1750.o
    0x08000ee4   0x08000ee4   0x00000014   Code   RO         3652    i.BH1750_Init       bh1750.o
    0x08000ef8   0x08000ef8   0x00000006   Code   RO         3654    i.BH1750_Power_ON   bh1750.o
    0x08000efe   0x08000efe   0x00000038   Code   RO         3656    i.BH1750_Read_Measure  bh1750.o
    0x08000f36   0x08000f36   0x00000002   Code   RO         4302    i.BusFault_Handler  stm32f10x_it.o
    0x08000f38   0x08000f38   0x0000005c   Code   RO         3438    i.DHT11_Check       dht11.o
    0x08000f94   0x08000f94   0x0000001c   Code   RO         3439    i.DHT11_IO_IN       dht11.o
    0x08000fb0   0x08000fb0   0x00000024   Code   RO         3440    i.DHT11_IO_OUT      dht11.o
    0x08000fd4   0x08000fd4   0x00000016   Code   RO         3441    i.DHT11_Init        dht11.o
    0x08000fea   0x08000fea   0x00000002   PAD
    0x08000fec   0x08000fec   0x0000002c   Code   RO         3442    i.DHT11_RST         dht11.o
    0x08001018   0x08001018   0x0000005c   Code   RO         3443    i.DHT11_Read_Bit    dht11.o
    0x08001074   0x08001074   0x0000001a   Code   RO         3444    i.DHT11_Read_Byte   dht11.o
    0x0800108e   0x0800108e   0x00000050   Code   RO         3445    i.DHT11_Read_Data   dht11.o
    0x080010de   0x080010de   0x00000002   Code   RO         4303    i.DebugMon_Handler  stm32f10x_it.o
    0x080010e0   0x080010e0   0x00000020   Code   RO         3197    i.Delay_us          delay.o
    0x08001100   0x08001100   0x0000001c   Code   RO         4365    i.ESP8266_Clear     esp8266.o
    0x0800111c   0x0800111c   0x00000044   Code   RO         4366    i.ESP8266_GetIPD    esp8266.o
    0x08001160   0x08001160   0x00000140   Code   RO         4367    i.ESP8266_Init      esp8266.o
    0x080012a0   0x080012a0   0x0000004c   Code   RO         4368    i.ESP8266_SendCmd   esp8266.o
    0x080012ec   0x080012ec   0x00000048   Code   RO         4369    i.ESP8266_SendData  esp8266.o
    0x08001334   0x08001334   0x00000024   Code   RO         4370    i.ESP8266_WaitRecive  esp8266.o
    0x08001358   0x08001358   0x00000016   Code   RO         3235    i.EXTI0_IRQHandler  exti.o
    0x0800136e   0x0800136e   0x00000018   Code   RO         3236    i.EXTI1_IRQHandler  exti.o
    0x08001386   0x08001386   0x00000002   PAD
    0x08001388   0x08001388   0x0000000c   Code   RO          985    i.EXTI_ClearITPendingBit  stm32f10x_exti.o
    0x08001394   0x08001394   0x00000020   Code   RO          989    i.EXTI_GetITStatus  stm32f10x_exti.o
    0x080013b4   0x080013b4   0x000000a6   Code   RO         1347    i.GPIO_Init         stm32f10x_gpio.o
    0x0800145a   0x0800145a   0x00000002   PAD
    0x0800145c   0x0800145c   0x0000005c   Code   RO         1349    i.GPIO_PinRemapConfig  stm32f10x_gpio.o
    0x080014b8   0x080014b8   0x0000000e   Code   RO         1351    i.GPIO_ReadInputDataBit  stm32f10x_gpio.o
    0x080014c6   0x080014c6   0x00000004   Code   RO         1354    i.GPIO_ResetBits    stm32f10x_gpio.o
    0x080014ca   0x080014ca   0x00000004   Code   RO         1355    i.GPIO_SetBits      stm32f10x_gpio.o
    0x080014ce   0x080014ce   0x0000000c   Code   RO         1358    i.GPIO_WriteBit     stm32f10x_gpio.o
    0x080014da   0x080014da   0x00000002   Code   RO         4304    i.HardFault_Handler  stm32f10x_it.o
    0x080014dc   0x080014dc   0x0000002c   Code   RO         3657    i.I2C_BH1750_GPIOConfig  bh1750.o
    0x08001508   0x08001508   0x0000002c   Code   RO         4244    i.KEY_GPIO_Init     key.o
    0x08001534   0x08001534   0x00000018   Code   RO         3658    i.LIght_Intensity   bh1750.o
    0x0800154c   0x0800154c   0x0000001c   Code   RO         4420    i.MQTT_DeleteBuffer  mqttkit.o
    0x08001568   0x08001568   0x00000024   Code   RO         4421    i.MQTT_DumpLength   mqttkit.o
    0x0800158c   0x0800158c   0x00000056   Code   RO         4422    i.MQTT_NewBuffer    mqttkit.o
    0x080015e2   0x080015e2   0x00000002   PAD
    0x080015e4   0x080015e4   0x00000264   Code   RO         4424    i.MQTT_PacketConnect  mqttkit.o
    0x08001848   0x08001848   0x00000180   Code   RO         4427    i.MQTT_PacketPublish  mqttkit.o
    0x080019c8   0x080019c8   0x00000046   Code   RO         4429    i.MQTT_PacketPublishComp  mqttkit.o
    0x08001a0e   0x08001a0e   0x00000046   Code   RO         4431    i.MQTT_PacketPublishRel  mqttkit.o
    0x08001a54   0x08001a54   0x000000de   Code   RO         4434    i.MQTT_PacketSubscribe  mqttkit.o
    0x08001b32   0x08001b32   0x0000003e   Code   RO         4436    i.MQTT_ReadLength   mqttkit.o
    0x08001b70   0x08001b70   0x00000082   Code   RO         4437    i.MQTT_UnPacketCmd  mqttkit.o
    0x08001bf2   0x08001bf2   0x0000001a   Code   RO         4438    i.MQTT_UnPacketConnectAck  mqttkit.o
    0x08001c0c   0x08001c0c   0x0000018c   Code   RO         4439    i.MQTT_UnPacketPublish  mqttkit.o
    0x08001d98   0x08001d98   0x0000001c   Code   RO         4442    i.MQTT_UnPacketPublishRec  mqttkit.o
    0x08001db4   0x08001db4   0x00000022   Code   RO         4443    i.MQTT_UnPacketPublishRel  mqttkit.o
    0x08001dd6   0x08001dd6   0x00000002   PAD
    0x08001dd8   0x08001dd8   0x00000068   Code   RO         4444    i.MQTT_UnPacketRecv  mqttkit.o
    0x08001e40   0x08001e40   0x00000002   Code   RO         4305    i.MemManage_Handler  stm32f10x_it.o
    0x08001e42   0x08001e42   0x00000002   PAD
    0x08001e44   0x08001e44   0x00000038   Code   RO         3793    i.Motor_Init        motor.o
    0x08001e7c   0x08001e7c   0x00000044   Code   RO         3794    i.Motor_SetSpeed    motor.o
    0x08001ec0   0x08001ec0   0x00000002   Code   RO         4306    i.NMI_Handler       stm32f10x_it.o
    0x08001ec2   0x08001ec2   0x00000002   PAD
    0x08001ec4   0x08001ec4   0x00000064   Code   RO          137    i.NVIC_Init         misc.o
    0x08001f28   0x08001f28   0x00000014   Code   RO          138    i.NVIC_PriorityGroupConfig  misc.o
    0x08001f3c   0x08001f3c   0x000000d4   Code   RO         4223    i.OLED_Init_GPIO    oled.o
    0x08002010   0x08002010   0x00000080   Code   RO         4604    i.OneNet_DevLink    onenet.o
    0x08002090   0x08002090   0x00000048   Code   RO         4605    i.OneNet_Publish    onenet.o
    0x080020d8   0x080020d8   0x000002c0   Code   RO         4606    i.OneNet_RevPro     onenet.o
    0x08002398   0x08002398   0x00000044   Code   RO         4607    i.OneNet_Subscribe  onenet.o
    0x080023dc   0x080023dc   0x00000098   Code   RO         3795    i.PWM_Init          motor.o
    0x08002474   0x08002474   0x0000000a   Code   RO         3796    i.PWM_SetCompare    motor.o
    0x0800247e   0x0800247e   0x00000002   PAD
    0x08002480   0x08002480   0x0000000c   Code   RO         3384    i.PWM_SetCompare1   pwm.o
    0x0800248c   0x0800248c   0x0000000c   Code   RO         3385    i.PWM_SetCompare2   pwm.o
    0x08002498   0x08002498   0x0000000c   Code   RO         3386    i.PWM_SetCompare4   pwm.o
    0x080024a4   0x080024a4   0x00000002   Code   RO         4307    i.PendSV_Handler    stm32f10x_it.o
    0x080024a6   0x080024a6   0x00000002   PAD
    0x080024a8   0x080024a8   0x00000014   Code   RO         1773    i.RCC_ADCCLKConfig  stm32f10x_rcc.o
    0x080024bc   0x080024bc   0x0000001c   Code   RO         1775    i.RCC_APB1PeriphClockCmd  stm32f10x_rcc.o
    0x080024d8   0x080024d8   0x0000001c   Code   RO         1776    i.RCC_APB1PeriphResetCmd  stm32f10x_rcc.o
    0x080024f4   0x080024f4   0x0000001c   Code   RO         1777    i.RCC_APB2PeriphClockCmd  stm32f10x_rcc.o
    0x08002510   0x08002510   0x0000001c   Code   RO         1778    i.RCC_APB2PeriphResetCmd  stm32f10x_rcc.o
    0x0800252c   0x0800252c   0x000000ac   Code   RO         1785    i.RCC_GetClocksFreq  stm32f10x_rcc.o
    0x080025d8   0x080025d8   0x0000001c   Code   RO         3829    i.SIM800L_Clear     sim800l.o
    0x080025f4   0x080025f4   0x00000074   Code   RO         3830    i.SIM800L_Init      sim800l.o
    0x08002668   0x08002668   0x00000048   Code   RO         3831    i.SIM800L_RESET     sim800l.o
    0x080026b0   0x080026b0   0x0000004c   Code   RO         3832    i.SIM800L_SendCmd   sim800l.o
    0x080026fc   0x080026fc   0x00000068   Code   RO         3833    i.SIM800L_SendData  sim800l.o
    0x08002764   0x08002764   0x00000024   Code   RO         3834    i.SIM800L_WaitRecive  sim800l.o
    0x08002788   0x08002788   0x00000002   Code   RO         4308    i.SVC_Handler       stm32f10x_it.o
    0x0800278a   0x0800278a   0x00000004   Code   RO           24    i.SetSysClock       system_stm32f10x.o
    0x0800278e   0x0800278e   0x00000002   PAD
    0x08002790   0x08002790   0x000000b0   Code   RO           25    i.SetSysClockTo72   system_stm32f10x.o
    0x08002840   0x08002840   0x00000002   Code   RO         4309    i.SysTick_Handler   stm32f10x_it.o
    0x08002842   0x08002842   0x00000002   PAD
    0x08002844   0x08002844   0x00000050   Code   RO           27    i.SystemInit        system_stm32f10x.o
    0x08002894   0x08002894   0x0000001e   Code   RO         3278    i.TIM2_IRQHandler   timer.o
    0x080028b2   0x080028b2   0x00000002   PAD
    0x080028b4   0x080028b4   0x00000108   Code   RO         3280    i.TIM3_IRQHandler   timer.o
    0x080029bc   0x080029bc   0x00000060   Code   RO         3281    i.TIM3_Init         timer.o
    0x08002a1c   0x08002a1c   0x00000018   Code   RO         2409    i.TIM_ARRPreloadConfig  stm32f10x_tim.o
    0x08002a34   0x08002a34   0x00000006   Code   RO         2416    i.TIM_ClearITPendingBit  stm32f10x_tim.o
    0x08002a3a   0x08002a3a   0x00000018   Code   RO         2421    i.TIM_Cmd           stm32f10x_tim.o
    0x08002a52   0x08002a52   0x00000002   PAD
    0x08002a54   0x08002a54   0x00000210   Code   RO         2426    i.TIM_DeInit        stm32f10x_tim.o
    0x08002c64   0x08002c64   0x00000018   Code   RO         2442    i.TIM_GetITStatus   stm32f10x_tim.o
    0x08002c7c   0x08002c7c   0x00000014   Code   RO         2446    i.TIM_ITConfig      stm32f10x_tim.o
    0x08002c90   0x08002c90   0x0000000a   Code   RO         2448    i.TIM_InternalClockConfig  stm32f10x_tim.o
    0x08002c9a   0x08002c9a   0x00000002   PAD
    0x08002c9c   0x08002c9c   0x00000088   Code   RO         2450    i.TIM_OC1Init       stm32f10x_tim.o
    0x08002d24   0x08002d24   0x0000000c   Code   RO         2453    i.TIM_OC1PreloadConfig  stm32f10x_tim.o
    0x08002d30   0x08002d30   0x00000088   Code   RO         2455    i.TIM_OC2Init       stm32f10x_tim.o
    0x08002db8   0x08002db8   0x00000014   Code   RO         2458    i.TIM_OC2PreloadConfig  stm32f10x_tim.o
    0x08002dcc   0x08002dcc   0x00000068   Code   RO         2465    i.TIM_OC4Init       stm32f10x_tim.o
    0x08002e34   0x08002e34   0x00000014   Code   RO         2467    i.TIM_OC4PreloadConfig  stm32f10x_tim.o
    0x08002e48   0x08002e48   0x00000014   Code   RO         2468    i.TIM_OCStructInit  stm32f10x_tim.o
    0x08002e5c   0x08002e5c   0x00000004   Code   RO         2482    i.TIM_SetCompare1   stm32f10x_tim.o
    0x08002e60   0x08002e60   0x00000004   Code   RO         2483    i.TIM_SetCompare2   stm32f10x_tim.o
    0x08002e64   0x08002e64   0x00000006   Code   RO         2485    i.TIM_SetCompare4   stm32f10x_tim.o
    0x08002e6a   0x08002e6a   0x00000002   PAD
    0x08002e6c   0x08002e6c   0x0000009c   Code   RO         2492    i.TIM_TimeBaseInit  stm32f10x_tim.o
    0x08002f08   0x08002f08   0x000000c8   Code   RO         3387    i.Tim_PWM_Init      pwm.o
    0x08002fd0   0x08002fd0   0x00000048   Code   RO         3835    i.USART1_IRQHandler  sim800l.o
    0x08003018   0x08003018   0x00000048   Code   RO         4371    i.USART2_IRQHandler  esp8266.o
    0x08003060   0x08003060   0x0000001c   Code   RO         3560    i.USART3_Clear      usart.o
    0x0800307c   0x0800307c   0x00000048   Code   RO         3561    i.USART3_IRQHandler  usart.o
    0x080030c4   0x080030c4   0x00000008   Code   RO         2956    i.USART_ClearFlag   stm32f10x_usart.o
    0x080030cc   0x080030cc   0x00000018   Code   RO         2960    i.USART_Cmd         stm32f10x_usart.o
    0x080030e4   0x080030e4   0x0000000e   Code   RO         2963    i.USART_GetFlagStatus  stm32f10x_usart.o
    0x080030f2   0x080030f2   0x00000040   Code   RO         2964    i.USART_GetITStatus  stm32f10x_usart.o
    0x08003132   0x08003132   0x00000036   Code   RO         2966    i.USART_ITConfig    stm32f10x_usart.o
    0x08003168   0x08003168   0x000000bc   Code   RO         2967    i.USART_Init        stm32f10x_usart.o
    0x08003224   0x08003224   0x00000008   Code   RO         2977    i.USART_SendData    stm32f10x_usart.o
    0x0800322c   0x0800322c   0x00000002   Code   RO         4310    i.UsageFault_Handler  stm32f10x_it.o
    0x0800322e   0x0800322e   0x00000002   PAD
    0x08003230   0x08003230   0x000000ac   Code   RO         3562    i.Usart1_Init       usart.o
    0x080032dc   0x080032dc   0x000000a8   Code   RO         3563    i.Usart2_Init       usart.o
    0x08003384   0x08003384   0x000000ac   Code   RO         3564    i.Usart3_Init       usart.o
    0x08003430   0x08003430   0x00000040   Code   RO         3565    i.UsartPrintf       usart.o
    0x08003470   0x08003470   0x00000032   Code   RO         3566    i.Usart_SendHexWord  usart.o
    0x080034a2   0x080034a2   0x00000030   Code   RO         3567    i.Usart_SendString  usart.o
    0x080034d2   0x080034d2   0x00000002   PAD
    0x080034d4   0x080034d4   0x00000028   Code   RO         6839    i.__0sprintf        mc_w.l(printfa.o)
    0x080034fc   0x080034fc   0x0000002c   Code   RO         6842    i.__0vsnprintf      mc_w.l(printfa.o)
    0x08003528   0x08003528   0x00000028   Code   RO         6935    i.__ARM_fpclassify  m_ws.l(fpclassify.o)
    0x08003550   0x08003550   0x00000008   Code   RO         6975    i.__aeabi_errno_addr  mc_w.l(errno.o)
    0x08003558   0x08003558   0x000000aa   Code   RO         6937    i.__kernel_poly     m_ws.l(poly.o)
    0x08003602   0x08003602   0x00000002   PAD
    0x08003604   0x08003604   0x00000010   Code   RO         6921    i.__mathlib_dbl_divzero  m_ws.l(dunder.o)
    0x08003614   0x08003614   0x00000004   Code   RO         6923    i.__mathlib_dbl_infnan2  m_ws.l(dunder.o)
    0x08003618   0x08003618   0x0000000c   Code   RO         6924    i.__mathlib_dbl_invalid  m_ws.l(dunder.o)
    0x08003624   0x08003624   0x0000000e   Code   RO         6925    i.__mathlib_dbl_overflow  m_ws.l(dunder.o)
    0x08003632   0x08003632   0x00000002   PAD
    0x08003634   0x08003634   0x00000010   Code   RO         6927    i.__mathlib_dbl_underflow  m_ws.l(dunder.o)
    0x08003644   0x08003644   0x0000000e   Code   RO         7033    i.__scatterload_copy  mc_w.l(handlers.o)
    0x08003652   0x08003652   0x00000002   Code   RO         7034    i.__scatterload_null  mc_w.l(handlers.o)
    0x08003654   0x08003654   0x0000000e   Code   RO         7035    i.__scatterload_zeroinit  mc_w.l(handlers.o)
    0x08003662   0x08003662   0x00000002   PAD
    0x08003664   0x08003664   0x0000000c   Code   RO         6977    i.__set_errno       mc_w.l(errno.o)
    0x08003670   0x08003670   0x00000184   Code   RO         6844    i._fp_digits        mc_w.l(printfa.o)
    0x080037f4   0x080037f4   0x000006dc   Code   RO         6845    i._printf_core      mc_w.l(printfa.o)
    0x08003ed0   0x08003ed0   0x00000024   Code   RO         6846    i._printf_post_padding  mc_w.l(printfa.o)
    0x08003ef4   0x08003ef4   0x0000002e   Code   RO         6847    i._printf_pre_padding  mc_w.l(printfa.o)
    0x08003f22   0x08003f22   0x00000016   Code   RO         6848    i._snputc           mc_w.l(printfa.o)
    0x08003f38   0x08003f38   0x0000000a   Code   RO         6849    i._sputc            mc_w.l(printfa.o)
    0x08003f42   0x08003f42   0x00000002   PAD
    0x08003f44   0x08003f44   0x00000028   Code   RO         3924    i.about_proc        menu.o
    0x08003f6c   0x08003f6c   0x00000080   Code   RO         3925    i.about_ui_show     menu.o
    0x08003fec   0x08003fec   0x00000034   Code   RO         3624    i.beep_Init         beep.o
    0x08004020   0x08004020   0x00000048   Code   RO         4675    i.cJSON_Delete      cjson.o
    0x08004068   0x08004068   0x0000000c   Code   RO         4683    i.cJSON_GetErrorPtr  cjson.o
    0x08004074   0x08004074   0x0000001c   Code   RO         4684    i.cJSON_GetObjectItem  cjson.o
    0x08004090   0x08004090   0x00000020   Code   RO         4688    i.cJSON_New_Item    cjson.o
    0x080040b0   0x080040b0   0x00000008   Code   RO         4689    i.cJSON_Parse       cjson.o
    0x080040b8   0x080040b8   0x00000064   Code   RO         4690    i.cJSON_ParseWithOpts  cjson.o
    0x0800411c   0x0800411c   0x0000004c   Code   RO         4696    i.cJSON_strcasecmp  cjson.o
    0x08004168   0x08004168   0x00000128   Code   RO         3926    i.chart_draw_frame  menu.o
    0x08004290   0x08004290   0x00000084   Code   RO         3927    i.chart_proc        menu.o
    0x08004314   0x08004314   0x0000014c   Code   RO         3928    i.chart_select_proc  menu.o
    0x08004460   0x08004460   0x000000dc   Code   RO         3929    i.chart_select_ui_show  menu.o
    0x0800453c   0x0800453c   0x00000170   Code   RO         3930    i.chart_ui_show     menu.o
    0x080046ac   0x080046ac   0x00000018   Code   RO         3198    i.delay_ms          delay.o
    0x080046c4   0x080046c4   0x00000244   Code   RO         3931    i.device_proc       menu.o
    0x08004908   0x08004908   0x00000128   Code   RO         3932    i.device_show       menu.o
    0x08004a30   0x08004a30   0x00000098   Code   RO         3933    i.disappear         menu.o
    0x08004ac8   0x08004ac8   0x00000044   Code   RO         3761    i.elecRelay_Init    elecrelay.o
    0x08004b0c   0x08004b0c   0x0000001c   Code   RO         3763    i.elecRelay_action  elecrelay.o
    0x08004b28   0x08004b28   0x00000050   Code   RO         6865    i.free              mc_w.l(malloc.o)
    0x08004b78   0x08004b78   0x0000003c   Code   RO         3934    i.get_key_val       menu.o
    0x08004bb4   0x08004bb4   0x000000e8   Code   RO         3935    i.hardware_proc     menu.o
    0x08004c9c   0x08004c9c   0x000000e4   Code   RO         3936    i.hardware_ui_show  menu.o
    0x08004d80   0x08004d80   0x00000028   Code   RO         3659    i.i2c_Ack           bh1750.o
    0x08004da8   0x08004da8   0x0000001c   Code   RO         3660    i.i2c_CheckDevice   bh1750.o
    0x08004dc4   0x08004dc4   0x0000000c   Code   RO         3661    i.i2c_Delay         bh1750.o
    0x08004dd0   0x08004dd0   0x00000024   Code   RO         3662    i.i2c_NAck          bh1750.o
    0x08004df4   0x08004df4   0x00000048   Code   RO         3663    i.i2c_ReadByte      bh1750.o
    0x08004e3c   0x08004e3c   0x00000054   Code   RO         3664    i.i2c_SendByte      bh1750.o
    0x08004e90   0x08004e90   0x00000028   Code   RO         3665    i.i2c_Start         bh1750.o
    0x08004eb8   0x08004eb8   0x0000001c   Code   RO         3666    i.i2c_Stop          bh1750.o
    0x08004ed4   0x08004ed4   0x00000038   Code   RO         3667    i.i2c_WaitAck       bh1750.o
    0x08004f0c   0x08004f0c   0x000000b4   Code   RO         3937    i.icon_proc         menu.o
    0x08004fc0   0x08004fc0   0x000000b0   Code   RO         3938    i.icon_ui_show      menu.o
    0x08005070   0x08005070   0x00000028   Code   RO         3939    i.key_init          menu.o
    0x08005098   0x08005098   0x00000038   Code   RO         3940    i.key_scan          menu.o
    0x080050d0   0x080050d0   0x00000028   Code   RO         3941    i.logo_proc         menu.o
    0x080050f8   0x080050f8   0x00000020   Code   RO         3942    i.logo_ui_show      menu.o
    0x08005118   0x08005118   0x00000012   Code   RO         3943    i.loop              menu.o
    0x0800512a   0x0800512a   0x00000002   PAD
    0x0800512c   0x0800512c   0x000001ac   Code   RO         4256    i.main              main.o
    0x080052d8   0x080052d8   0x0000006c   Code   RO         6866    i.malloc            mc_w.l(malloc.o)
    0x08005344   0x08005344   0x0000003a   Code   RO         3944    i.move              menu.o
    0x0800537e   0x0800537e   0x00000068   Code   RO         3945    i.move_bar          menu.o
    0x080053e6   0x080053e6   0x0000003a   Code   RO         3946    i.move_icon         menu.o
    0x08005420   0x08005420   0x0000014c   Code   RO         3947    i.move_width        menu.o
    0x0800556c   0x0800556c   0x0000009c   Code   RO         4700    i.parse_array       cjson.o
    0x08005608   0x08005608   0x000000be   Code   RO         4701    i.parse_hex4        cjson.o
    0x080056c6   0x080056c6   0x00000002   PAD
    0x080056c8   0x080056c8   0x00000180   Code   RO         4702    i.parse_number      cjson.o
    0x08005848   0x08005848   0x000000f0   Code   RO         4703    i.parse_object      cjson.o
    0x08005938   0x08005938   0x0000017c   Code   RO         4704    i.parse_string      cjson.o
    0x08005ab4   0x08005ab4   0x000000bc   Code   RO         4705    i.parse_value       cjson.o
    0x08005b70   0x08005b70   0x000009d8   Code   RO         6572    i.pow               m_ws.l(pow.o)
    0x08006548   0x08006548   0x0000010c   Code   RO         3948    i.select_proc       menu.o
    0x08006654   0x08006654   0x000000e0   Code   RO         3949    i.select_ui_show    menu.o
    0x08006734   0x08006734   0x0000006c   Code   RO         3950    i.send_confirm_proc  menu.o
    0x080067a0   0x080067a0   0x00000104   Code   RO         3951    i.send_confirm_show  menu.o
    0x080068a4   0x080068a4   0x00000054   Code   RO         3952    i.send_proc         menu.o
    0x080068f8   0x080068f8   0x0000003c   Code   RO         3953    i.send_show         menu.o
    0x08006934   0x08006934   0x00000040   Code   RO         3954    i.set_curve_state   menu.o
    0x08006974   0x08006974   0x000000a4   Code   RO         3955    i.set_device_state  menu.o
    0x08006a18   0x08006a18   0x00000124   Code   RO         3956    i.setup             menu.o
    0x08006b3c   0x08006b3c   0x0000003c   Code   RO         3888    i.setup_u8g2        base.o
    0x08006b78   0x08006b78   0x00000014   Code   RO         4713    i.skip              cjson.o
    0x08006b8c   0x08006b8c   0x0000004c   Code   RO         6941    i.sqrt              m_ws.l(sqrt.o)
    0x08006bd8   0x08006bd8   0x000001dc   Code   RO         3957    i.step_edit_proc    menu.o
    0x08006db4   0x08006db4   0x00000160   Code   RO         3958    i.step_edit_ui_show  menu.o
    0x08006f14   0x08006f14   0x0000011c   Code   RO         3959    i.step_proc         menu.o
    0x08007030   0x08007030   0x000000e8   Code   RO         3960    i.step_ui_show      menu.o
    0x08007118   0x08007118   0x00000074   Code   RO         3961    i.text_edit         menu.o
    0x0800718c   0x0800718c   0x000000a0   Code   RO         3962    i.text_edit_proc    menu.o
    0x0800722c   0x0800722c   0x00000184   Code   RO         3963    i.text_edit_ui_show  menu.o
    0x080073b0   0x080073b0   0x00000012   Code   RO         5095    i.u8g2_ClearBuffer  u8g2_buffer.o
    0x080073c2   0x080073c2   0x0000004a   Code   RO         5065    i.u8g2_DrawBox      u8g2_box.o
    0x0800740c   0x0800740c   0x00000040   Code   RO         5195    i.u8g2_DrawCircle   u8g2_circle.o
    0x0800744c   0x0800744c   0x00000040   Code   RO         5196    i.u8g2_DrawDisc     u8g2_circle.o
    0x0800748c   0x0800748c   0x00000088   Code   RO         5066    i.u8g2_DrawFrame    u8g2_box.o
    0x08007514   0x08007514   0x00000060   Code   RO         5304    i.u8g2_DrawGlyph    u8g2_font.o
    0x08007574   0x08007574   0x0000000c   Code   RO         5641    i.u8g2_DrawHLine    u8g2_hvline.o
    0x08007580   0x08007580   0x000000ae   Code   RO         5642    i.u8g2_DrawHVLine   u8g2_hvline.o
    0x0800762e   0x0800762e   0x000000a0   Code   RO         5012    i.u8g2_DrawHXBMP    u8g2_bitmap.o
    0x080076ce   0x080076ce   0x000000b4   Code   RO         5739    i.u8g2_DrawLine     u8g2_line.o
    0x08007782   0x08007782   0x0000002e   Code   RO         5643    i.u8g2_DrawPixel    u8g2_hvline.o
    0x080077b0   0x080077b0   0x000000ee   Code   RO         5067    i.u8g2_DrawRBox     u8g2_box.o
    0x0800789e   0x0800789e   0x00000106   Code   RO         5068    i.u8g2_DrawRFrame   u8g2_box.o
    0x080079a4   0x080079a4   0x00000010   Code   RO         5306    i.u8g2_DrawStr      u8g2_font.o
    0x080079b4   0x080079b4   0x0000000c   Code   RO         5644    i.u8g2_DrawVLine    u8g2_hvline.o
    0x080079c0   0x080079c0   0x00000054   Code   RO         5015    i.u8g2_DrawXBMP     u8g2_bitmap.o
    0x08007a14   0x08007a14   0x0000003e   Code   RO         5317    i.u8g2_GetGlyphWidth  u8g2_font.o
    0x08007a52   0x08007a52   0x00000002   PAD
    0x08007a54   0x08007a54   0x0000000c   Code   RO         5318    i.u8g2_GetStrWidth  u8g2_font.o
    0x08007a60   0x08007a60   0x0000002e   Code   RO         5703    i.u8g2_IsIntersection  u8g2_intersection.o
    0x08007a8e   0x08007a8e   0x00000014   Code   RO         5098    i.u8g2_SendBuffer   u8g2_buffer.o
    0x08007aa2   0x08007aa2   0x00000018   Code   RO         5916    i.u8g2_SetClipWindow  u8g2_setup.o
    0x08007aba   0x08007aba   0x00000010   Code   RO         5645    i.u8g2_SetDrawColor  u8g2_hvline.o
    0x08007aca   0x08007aca   0x00000020   Code   RO         5323    i.u8g2_SetFont      u8g2_font.o
    0x08007aea   0x08007aea   0x00000002   PAD
    0x08007aec   0x08007aec   0x0000000c   Code   RO         5326    i.u8g2_SetFontPosBaseline  u8g2_font.o
    0x08007af8   0x08007af8   0x00000018   Code   RO         5918    i.u8g2_SetMaxClipWindow  u8g2_setup.o
    0x08007b10   0x08007b10   0x00000046   Code   RO         5919    i.u8g2_SetupBuffer  u8g2_setup.o
    0x08007b56   0x08007b56   0x00000002   PAD
    0x08007b58   0x08007b58   0x00000038   Code   RO         5290    i.u8g2_Setup_ssd1306_128x64_noname_f  u8g2_d_setup.o
    0x08007b90   0x08007b90   0x00000056   Code   RO         5333    i.u8g2_UpdateRefHeight  u8g2_font.o
    0x08007be6   0x08007be6   0x00000024   Code   RO         5334    i.u8g2_add_vector_x  u8g2_font.o
    0x08007c0a   0x08007c0a   0x00000024   Code   RO         5335    i.u8g2_add_vector_y  u8g2_font.o
    0x08007c2e   0x08007c2e   0x0000006a   Code   RO         5921    i.u8g2_apply_clip_window  u8g2_setup.o
    0x08007c98   0x08007c98   0x00000040   Code   RO         5646    i.u8g2_clip_intersection2  u8g2_hvline.o
    0x08007cd8   0x08007cd8   0x00000070   Code   RO         5199    i.u8g2_draw_circle  u8g2_circle.o
    0x08007d48   0x08007d48   0x000000b8   Code   RO         5200    i.u8g2_draw_circle_section  u8g2_circle.o
    0x08007e00   0x08007e00   0x00000070   Code   RO         5201    i.u8g2_draw_disc    u8g2_circle.o
    0x08007e70   0x08007e70   0x000000ca   Code   RO         5202    i.u8g2_draw_disc_section  u8g2_circle.o
    0x08007f3a   0x08007f3a   0x00000012   Code   RO         5647    i.u8g2_draw_hv_line_2dir  u8g2_hvline.o
    0x08007f4c   0x08007f4c   0x0000000c   Code   RO         5923    i.u8g2_draw_l90_r0  u8g2_setup.o
    0x08007f58   0x08007f58   0x00000072   Code   RO         5336    i.u8g2_draw_string  u8g2_font.o
    0x08007fca   0x08007fca   0x00000004   Code   RO         5343    i.u8g2_font_calc_vref_font  u8g2_font.o
    0x08007fce   0x08007fce   0x00000016   Code   RO         5345    i.u8g2_font_decode_get_signed_bits  u8g2_font.o
    0x08007fe4   0x08007fe4   0x00000034   Code   RO         5346    i.u8g2_font_decode_get_unsigned_bits  u8g2_font.o
    0x08008018   0x08008018   0x00000138   Code   RO         5347    i.u8g2_font_decode_glyph  u8g2_font.o
    0x08008150   0x08008150   0x0000009c   Code   RO         5348    i.u8g2_font_decode_len  u8g2_font.o
    0x080081ec   0x080081ec   0x00000026   Code   RO         5349    i.u8g2_font_draw_glyph  u8g2_font.o
    0x08008212   0x08008212   0x00000006   Code   RO         5350    i.u8g2_font_get_byte  u8g2_font.o
    0x08008218   0x08008218   0x00000078   Code   RO         5351    i.u8g2_font_get_glyph_data  u8g2_font.o
    0x08008290   0x08008290   0x00000014   Code   RO         5352    i.u8g2_font_get_word  u8g2_font.o
    0x080082a4   0x080082a4   0x00000034   Code   RO         5353    i.u8g2_font_setup_decode  u8g2_font.o
    0x080082d8   0x080082d8   0x0000002c   Code   RO         5704    i.u8g2_is_intersection_decision_tree  u8g2_intersection.o
    0x08008304   0x08008304   0x00000090   Code   RO         5752    i.u8g2_ll_hvline_vertical_top_lsb  u8g2_ll_hvline.o
    0x08008394   0x08008394   0x0000000c   Code   RO         5277    i.u8g2_m_16_8_f     u8g2_d_memory.o
    0x080083a0   0x080083a0   0x000000d0   Code   RO         5355    i.u8g2_read_font_info  u8g2_font.o
    0x08008470   0x08008470   0x00000034   Code   RO         5106    i.u8g2_send_buffer  u8g2_buffer.o
    0x080084a4   0x080084a4   0x00000020   Code   RO         5107    i.u8g2_send_tile_row  u8g2_buffer.o
    0x080084c4   0x080084c4   0x00000076   Code   RO         5356    i.u8g2_string_width  u8g2_font.o
    0x0800853a   0x0800853a   0x00000046   Code   RO         5928    i.u8g2_update_dimension_common  u8g2_setup.o
    0x08008580   0x08008580   0x00000004   Code   RO         5929    i.u8g2_update_dimension_r0  u8g2_setup.o
    0x08008584   0x08008584   0x00000018   Code   RO         5933    i.u8g2_update_page_win_r0  u8g2_setup.o
    0x0800859c   0x0800859c   0x0000001e   Code   RO         6333    i.u8x8_DrawTile     u8x8_display.o
    0x080085ba   0x080085ba   0x00000010   Code   RO         6335    i.u8x8_InitDisplay  u8x8_display.o
    0x080085ca   0x080085ca   0x00000010   Code   RO         6337    i.u8x8_RefreshDisplay  u8x8_display.o
    0x080085da   0x080085da   0x00000010   Code   RO         6340    i.u8x8_SetPowerSave  u8x8_display.o
    0x080085ea   0x080085ea   0x00000024   Code   RO         6465    i.u8x8_Setup        u8x8_setup.o
    0x0800860e   0x0800860e   0x00000002   PAD
    0x08008610   0x08008610   0x00000028   Code   RO         6466    i.u8x8_SetupDefaults  u8x8_setup.o
    0x08008638   0x08008638   0x00000010   Code   RO         6341    i.u8x8_SetupMemory  u8x8_display.o
    0x08008648   0x08008648   0x00000010   Code   RO         6092    i.u8x8_ascii_next   u8x8_8x8.o
    0x08008658   0x08008658   0x000000fa   Code   RO         6127    i.u8x8_byte_4wire_sw_spi  u8x8_byte.o
    0x08008752   0x08008752   0x0000000c   Code   RO         6129    i.u8x8_byte_SendByte  u8x8_byte.o
    0x0800875e   0x0800875e   0x00000010   Code   RO         6130    i.u8x8_byte_SendBytes  u8x8_byte.o
    0x0800876e   0x0800876e   0x00000010   Code   RO         6131    i.u8x8_byte_SetDC   u8x8_byte.o
    0x0800877e   0x0800877e   0x00000064   Code   RO         6176    i.u8x8_cad_001      u8x8_cad.o
    0x080087e2   0x080087e2   0x00000010   Code   RO         6177    i.u8x8_cad_EndTransfer  u8x8_cad.o
    0x080087f2   0x080087f2   0x00000010   Code   RO         6178    i.u8x8_cad_SendArg  u8x8_cad.o
    0x08008802   0x08008802   0x00000010   Code   RO         6179    i.u8x8_cad_SendCmd  u8x8_cad.o
    0x08008812   0x08008812   0x00000010   Code   RO         6180    i.u8x8_cad_SendData  u8x8_cad.o
    0x08008822   0x08008822   0x00000064   Code   RO         6182    i.u8x8_cad_SendSequence  u8x8_cad.o
    0x08008886   0x08008886   0x00000010   Code   RO         6183    i.u8x8_cad_StartTransfer  u8x8_cad.o
    0x08008896   0x08008896   0x00000062   Code   RO         6342    i.u8x8_d_helper_display_init  u8x8_display.o
    0x080088f8   0x080088f8   0x0000000a   Code   RO         6343    i.u8x8_d_helper_display_setup_memory  u8x8_display.o
    0x08008902   0x08008902   0x00000002   PAD
    0x08008904   0x08008904   0x00000044   Code   RO         6289    i.u8x8_d_ssd1306_128x64_noname  u8x8_d_ssd1306_128x64_noname.o
    0x08008948   0x08008948   0x000000e0   Code   RO         6290    i.u8x8_d_ssd1306_sh1106_generic  u8x8_d_ssd1306_128x64_noname.o
    0x08008a28   0x08008a28   0x00000004   Code   RO         6468    i.u8x8_dummy_cb     u8x8_setup.o
    0x08008a2c   0x08008a2c   0x0000000c   Code   RO         6423    i.u8x8_gpio_call    u8x8_gpio.o
    0x08008a38   0x08008a38   0x00000120   Code   RO         3889    i.u8x8_stm32_gpio_and_delay  base.o
    0x08008b58   0x08008b58   0x00000008   Code   RO         6094    i.u8x8_utf8_init    u8x8_8x8.o
    0x08008b60   0x08008b60   0x000000a4   Code   RO         3964    i.ui_proc           menu.o
    0x08008c04   0x08008c04   0x00000028   Code   RO         3965    i.warning_proc      menu.o
    0x08008c2c   0x08008c2c   0x0000003c   Code   RO         3966    i.warning_show      menu.o
    0x08008c68   0x08008c68   0x00000964   Data   RO         3968    .constdata          menu.o
    0x080095cc   0x080095cc   0x00000007   Data   RO         4716    .constdata          cjson.o
    0x080095d3   0x080095d3   0x000024af   Data   RO         5628    .constdata          u8g2_fonts.o
    0x0800ba82   0x0800ba82   0x00000002   PAD
    0x0800ba84   0x0800ba84   0x0000000c   Data   RO         5937    .constdata          u8g2_setup.o
    0x0800ba90   0x0800ba90   0x00000068   Data   RO         6291    .constdata          u8x8_d_ssd1306_128x64_noname.o
    0x0800baf8   0x0800baf8   0x00000088   Data   RO         6573    .constdata          m_ws.l(pow.o)
    0x0800bb80   0x0800bb80   0x00000008   Data   RO         6939    .constdata          m_ws.l(qnan.o)
    0x0800bb88   0x0800bb88   0x00000081   Data   RO         6998    .constdata          mc_w.l(ctype_o.o)
    0x0800bc09   0x0800bc09   0x00000003   PAD
    0x0800bc0c   0x0800bc0c   0x00000004   Data   RO         6999    .constdata          mc_w.l(ctype_o.o)
    0x0800bc10   0x0800bc10   0x0000014a   Data   RO         3979    .conststring        menu.o
    0x0800bd5a   0x0800bd5a   0x00000002   PAD
    0x0800bd5c   0x0800bd5c   0x000000a6   Data   RO         4259    .conststring        main.o
    0x0800be02   0x0800be02   0x00000002   PAD
    0x0800be04   0x0800be04   0x00000020   Data   RO         7031    Region$$Table       anon$$obj.o


    Execution Region RW_IRAM1 (Exec base: 0x20000000, Load base: 0x0800be24, Size: 0x00002220, Max: 0x00018000, ABSOLUTE, COMPRESSED[0x000004ec])

    Exec Addr    Load Addr    Size         Type   Attr      Idx    E Section Name        Object

    0x20000000   COMPRESSED   0x00000014   Data   RW         1805    .data               stm32f10x_rcc.o
    0x20000014   COMPRESSED   0x00000002   Data   RW         3569    .data               usart.o
    0x20000016   COMPRESSED   0x00000004   Data   RW         3836    .data               sim800l.o
    0x2000001a   COMPRESSED   0x00000002   PAD
    0x2000001c   COMPRESSED   0x0000014e   Data   RW         3980    .data               menu.o
    0x2000016a   COMPRESSED   0x00000002   PAD
    0x2000016c   COMPRESSED   0x000013d5   Data   RW         4260    .data               main.o
    0x20001541   COMPRESSED   0x00000001   Data   RW         4261    .data               main.o
    0x20001542   COMPRESSED   0x0000000a   Data   RW         4262    .data               main.o
    0x2000154c   COMPRESSED   0x00000001   Data   RW         4263    .data               main.o
    0x2000154d   COMPRESSED   0x00000001   Data   RW         4264    .data               main.o
    0x2000154e   COMPRESSED   0x00000004   Data   RW         4373    .data               esp8266.o
    0x20001552   COMPRESSED   0x00000002   Data   RW         4608    .data               onenet.o
    0x20001554   COMPRESSED   0x0000000c   Data   RW         4717    .data               cjson.o
    0x20001560   COMPRESSED   0x00000004   Data   RW         6973    .data               mc_w.l(mvars.o)
    0x20001564   COMPRESSED   0x00000004   Data   RW         6974    .data               mc_w.l(mvars.o)
    0x20001568   COMPRESSED   0x00000004   Data   RW         6978    .data               mc_w.l(errno.o)
    0x2000156c        -       0x00000040   Zero   RW         3568    .bss                usart.o
    0x200015ac        -       0x00000094   Zero   RW         3890    .bss                base.o
    0x20001640        -       0x00000020   Zero   RW         3967    .bss                menu.o
    0x20001660        -       0x00000100   Zero   RW         4257    .bss                main.o
    0x20001760        -       0x00000040   Zero   RW         4258    .bss                main.o
    0x200017a0        -       0x00000080   Zero   RW         4372    .bss                esp8266.o
    0x20001820        -       0x00000400   Zero   RW         5278    .bss                u8g2_d_memory.o
    0x20001c20        -       0x00000200   Zero   RW            2    HEAP                startup_stm32f10x_md.o
    0x20001e20        -       0x00000400   Zero   RW            1    STACK               startup_stm32f10x_md.o


==============================================================================

Image component sizes


      Code (inc. data)   RO Data    RW Data    ZI Data      Debug   Object Name

       200         14          0          0          0        992   ad.o
       348         38          0          0        148       2140   base.o
        52          4          0          0          0        432   beep.o
       598         40          0          0          0       6814   bh1750.o
      1886         86          7         12          0      12173   cjson.o
         0          0          0          0          0       4500   core_cm3.o
        56          0          0          0          0        850   delay.o
       420         24          0          0          0       4325   dht11.o
        96          8          0          0          0        940   elecrelay.o
       672        256          0          4        128       4699   esp8266.o
        46          0          0          0          0        854   exti.o
        44          6          0          0          0        432   key.o
       428         20        166       5090        320       2987   main.o
      7954        902       2734        334         32      31718   menu.o
       120         14          0          0          0     213571   misc.o
       286         18          0          0          0       1962   motor.o
      2288         22          0          0          0      15027   mqttkit.o
       212          8          0          0          0        581   oled.o
       972        190          0          2          0       7608   onenet.o
       236         20          0          0          0       1813   pwm.o
       504        120          0          4          0       3854   sim800l.o
        36          8        236          0       1536        776   startup_stm32f10x_md.o
       304         10          0          0          0      18061   stm32f10x_adc.o
        44         10          0          0          0       1020   stm32f10x_exti.o
       292          6          0          0          0      12922   stm32f10x_gpio.o
        18          0          0          0          0       3354   stm32f10x_it.o
       304         48          0         20          0      14399   stm32f10x_rcc.o
      1254        146          0          0          0      31620   stm32f10x_tim.o
       360          6          0          0          0      11867   stm32f10x_usart.o
       260         26          0          0          0      44865   system_stm32f10x.o
       390         84          0          0          0      15600   timer.o
       244          0          0          0          0      14977   u8g2_bitmap.o
       710          0          0          0          0       3530   u8g2_box.o
       122          0          0          0          0       2461   u8g2_buffer.o
       738          0          0          0          0       4442   u8g2_circle.o
        12          4          0          0       1024        692   u8g2_d_memory.o
        56         12          0          0          0        945   u8g2_d_setup.o
      1610         14          0          0          0      14484   u8g2_font.o
         0          0       9391          0          0        445   u8g2_fonts.o
       342          0          0          0          0       4366   u8g2_hvline.o
        90          0          0          0          0       1443   u8g2_intersection.o
       180          0          0          0          0        932   u8g2_line.o
       144          0          0          0          0       1290   u8g2_ll_hvline.o
       334          0         12          0          0      10134   u8g2_setup.o
        24          0          0          0          0        903   u8x8_8x8.o
       294          0          0          0          0       2802   u8x8_byte.o
       280          6          0          0          0       4189   u8x8_cad.o
       292         10        104          0          0       2475   u8x8_d_ssd1306_128x64_noname.o
       202          0          0          0          0       3746   u8x8_display.o
        12          0          0          0          0        509   u8x8_gpio.o
        80          6          0          0          0       1630   u8x8_setup.o
       774         50          0          2         64       5312   usart.o

    ----------------------------------------------------------------------
     27270       2236      12688       5472       3252     554463   Object Totals
         0          0         32          0          0          0   (incl. Generated)
        50          0          6          4          0          0   (incl. Padding)

    ----------------------------------------------------------------------

      Code (inc. data)   RO Data    RW Data    ZI Data      Debug   Library Member Name

        62         10          0          0          0        340   dunder.o
        40          0          0          0          0         68   fpclassify.o
       170          0          0          0          0         96   poly.o
      2520        190        136          0          0        324   pow.o
         0          0          8          0          0          0   qnan.o
        76          0          0          0          0         84   sqrt.o
        94          0          0          0          0          0   __dclz77c.o
        28          0          0          0          0         68   _chval.o
       158          0          0          0          0         92   _strtoul.o
        26          0          0          0          0         80   atoi.o
         8          4        133          0          0         68   ctype_o.o
         0          0          0          0          0          0   entry.o
         0          0          0          0          0          0   entry10a.o
         0          0          0          0          0          0   entry11a.o
         8          4          0          0          0          0   entry2.o
         4          0          0          0          0          0   entry5.o
         0          0          0          0          0          0   entry7b.o
         0          0          0          0          0          0   entry8b.o
         8          4          0          0          0          0   entry9a.o
        20         10          0          4          0        136   errno.o
        30          0          0          0          0          0   handlers.o
        36          8          0          0          0         68   init.o
         0          0          0          0          0          0   iusefp.o
        30          0          0          0          0         68   llshl.o
        36          0          0          0          0         68   llsshr.o
        32          0          0          0          0         68   llushr.o
       188         20          0          0          0        160   malloc.o
        36          0          0          0          0         68   memcpya.o
        36          0          0          0          0        108   memseta.o
         0          0          0          8          0          0   mvars.o
      2342         90          0          0          0        668   printfa.o
        20          0          0          0          0         68   strchr.o
        18          0          0          0          0         68   strcpy.o
        14          0          0          0          0         68   strlen.o
        40          0          0          0          0         76   strncat.o
        30          0          0          0          0         80   strncmp.o
        36          0          0          0          0         80   strstr.o
       112          0          0          0          0         88   strtol.o
        12          0          0          0          0         68   tolower.o
        44          0          0          0          0         80   uidiv.o
        98          0          0          0          0         92   uldiv.o
        48          0          0          0          0         68   cdrcmple.o
       334          0          0          0          0        148   dadd.o
       222          0          0          0          0        100   ddiv.o
       186          0          0          0          0        176   depilogue.o
        62          0          0          0          0         80   dfixi.o
        48          0          0          0          0         68   dfixul.o
        34          0          0          0          0         76   dflti.o
       228          0          0          0          0         96   dmul.o
        46          0          0          0          0         80   dscalb.o
       162          0          0          0          0        100   dsqrt.o
        38          0          0          0          0         68   f2d.o
       176          0          0          0          0        140   fadd.o
       124          0          0          0          0         88   fdiv.o
       110          0          0          0          0        168   fepilogue.o
        50          0          0          0          0         68   ffixi.o
        40          0          0          0          0         68   ffixui.o
        10          0          0          0          0         68   ffltui.o
       100          0          0          0          0         76   fmul.o

    ----------------------------------------------------------------------
      8438        340        280         12          0       5136   Library Totals
         8          0          3          0          0          0   (incl. Padding)

    ----------------------------------------------------------------------

      Code (inc. data)   RO Data    RW Data    ZI Data      Debug   Library Name

      2868        200        144          0          0        912   m_ws.l
      3544        140        133         12          0       2488   mc_w.l
      2018          0          0          0          0       1736   mf_w.l

    ----------------------------------------------------------------------
      8438        340        280         12          0       5136   Library Totals

    ----------------------------------------------------------------------

==============================================================================


      Code (inc. data)   RO Data    RW Data    ZI Data      Debug   

     35708       2576      12968       5484       3252     541891   Grand Totals
     35708       2576      12968       1260       3252     541891   ELF Image Totals (compressed)
     35708       2576      12968       1260          0          0   ROM Totals

==============================================================================

    Total RO  Size (Code + RO Data)                48676 (  47.54kB)
    Total RW  Size (RW Data + ZI Data)              8736 (   8.53kB)
    Total ROM Size (Code + RO Data + RW Data)      49936 (  48.77kB)

==============================================================================

